Archive member included to satisfy reference by file (symbol)

/Applications/STM32CubeIDE.app/Contents/Eclipse/plugins/com.st.stm32cube.ide.mcu.externaltools.gnu-tools-for-stm32.10.3-2021.10.macos64_1.0.0.202111181127/tools/bin/../lib/gcc/arm-none-eabi/10.3.1/../../../../arm-none-eabi/lib/thumb/v7e-m+fp/hard/libc_nano.a(lib_a-errno.o)
                              ./Core/Src/syscalls.o (__errno)
/Applications/STM32CubeIDE.app/Contents/Eclipse/plugins/com.st.stm32cube.ide.mcu.externaltools.gnu-tools-for-stm32.10.3-2021.10.macos64_1.0.0.202111181127/tools/bin/../lib/gcc/arm-none-eabi/10.3.1/../../../../arm-none-eabi/lib/thumb/v7e-m+fp/hard/libc_nano.a(lib_a-exit.o)
                              /Applications/STM32CubeIDE.app/Contents/Eclipse/plugins/com.st.stm32cube.ide.mcu.externaltools.gnu-tools-for-stm32.10.3-2021.10.macos64_1.0.0.202111181127/tools/bin/../lib/gcc/arm-none-eabi/10.3.1/../../../../arm-none-eabi/lib/thumb/v7e-m+fp/hard/crt0.o (exit)
/Applications/STM32CubeIDE.app/Contents/Eclipse/plugins/com.st.stm32cube.ide.mcu.externaltools.gnu-tools-for-stm32.10.3-2021.10.macos64_1.0.0.202111181127/tools/bin/../lib/gcc/arm-none-eabi/10.3.1/../../../../arm-none-eabi/lib/thumb/v7e-m+fp/hard/libc_nano.a(lib_a-impure.o)
                              /Applications/STM32CubeIDE.app/Contents/Eclipse/plugins/com.st.stm32cube.ide.mcu.externaltools.gnu-tools-for-stm32.10.3-2021.10.macos64_1.0.0.202111181127/tools/bin/../lib/gcc/arm-none-eabi/10.3.1/../../../../arm-none-eabi/lib/thumb/v7e-m+fp/hard/libc_nano.a(lib_a-exit.o) (_global_impure_ptr)
/Applications/STM32CubeIDE.app/Contents/Eclipse/plugins/com.st.stm32cube.ide.mcu.externaltools.gnu-tools-for-stm32.10.3-2021.10.macos64_1.0.0.202111181127/tools/bin/../lib/gcc/arm-none-eabi/10.3.1/../../../../arm-none-eabi/lib/thumb/v7e-m+fp/hard/libc_nano.a(lib_a-init.o)
                              /Applications/STM32CubeIDE.app/Contents/Eclipse/plugins/com.st.stm32cube.ide.mcu.externaltools.gnu-tools-for-stm32.10.3-2021.10.macos64_1.0.0.202111181127/tools/bin/../lib/gcc/arm-none-eabi/10.3.1/../../../../arm-none-eabi/lib/thumb/v7e-m+fp/hard/crt0.o (__libc_init_array)
/Applications/STM32CubeIDE.app/Contents/Eclipse/plugins/com.st.stm32cube.ide.mcu.externaltools.gnu-tools-for-stm32.10.3-2021.10.macos64_1.0.0.202111181127/tools/bin/../lib/gcc/arm-none-eabi/10.3.1/../../../../arm-none-eabi/lib/thumb/v7e-m+fp/hard/libc_nano.a(lib_a-malloc.o)
                              ./Middlewares/ST/STM32_USB_Host_Library/Class/CDC/Src/usbh_cdc.o (malloc)
/Applications/STM32CubeIDE.app/Contents/Eclipse/plugins/com.st.stm32cube.ide.mcu.externaltools.gnu-tools-for-stm32.10.3-2021.10.macos64_1.0.0.202111181127/tools/bin/../lib/gcc/arm-none-eabi/10.3.1/../../../../arm-none-eabi/lib/thumb/v7e-m+fp/hard/libc_nano.a(lib_a-memset.o)
                              /Applications/STM32CubeIDE.app/Contents/Eclipse/plugins/com.st.stm32cube.ide.mcu.externaltools.gnu-tools-for-stm32.10.3-2021.10.macos64_1.0.0.202111181127/tools/bin/../lib/gcc/arm-none-eabi/10.3.1/../../../../arm-none-eabi/lib/thumb/v7e-m+fp/hard/crt0.o (memset)
/Applications/STM32CubeIDE.app/Contents/Eclipse/plugins/com.st.stm32cube.ide.mcu.externaltools.gnu-tools-for-stm32.10.3-2021.10.macos64_1.0.0.202111181127/tools/bin/../lib/gcc/arm-none-eabi/10.3.1/../../../../arm-none-eabi/lib/thumb/v7e-m+fp/hard/libc_nano.a(lib_a-nano-freer.o)
                              /Applications/STM32CubeIDE.app/Contents/Eclipse/plugins/com.st.stm32cube.ide.mcu.externaltools.gnu-tools-for-stm32.10.3-2021.10.macos64_1.0.0.202111181127/tools/bin/../lib/gcc/arm-none-eabi/10.3.1/../../../../arm-none-eabi/lib/thumb/v7e-m+fp/hard/libc_nano.a(lib_a-malloc.o) (_free_r)
/Applications/STM32CubeIDE.app/Contents/Eclipse/plugins/com.st.stm32cube.ide.mcu.externaltools.gnu-tools-for-stm32.10.3-2021.10.macos64_1.0.0.202111181127/tools/bin/../lib/gcc/arm-none-eabi/10.3.1/../../../../arm-none-eabi/lib/thumb/v7e-m+fp/hard/libc_nano.a(lib_a-nano-mallocr.o)
                              /Applications/STM32CubeIDE.app/Contents/Eclipse/plugins/com.st.stm32cube.ide.mcu.externaltools.gnu-tools-for-stm32.10.3-2021.10.macos64_1.0.0.202111181127/tools/bin/../lib/gcc/arm-none-eabi/10.3.1/../../../../arm-none-eabi/lib/thumb/v7e-m+fp/hard/libc_nano.a(lib_a-malloc.o) (_malloc_r)
/Applications/STM32CubeIDE.app/Contents/Eclipse/plugins/com.st.stm32cube.ide.mcu.externaltools.gnu-tools-for-stm32.10.3-2021.10.macos64_1.0.0.202111181127/tools/bin/../lib/gcc/arm-none-eabi/10.3.1/../../../../arm-none-eabi/lib/thumb/v7e-m+fp/hard/libc_nano.a(lib_a-sbrkr.o)
                              /Applications/STM32CubeIDE.app/Contents/Eclipse/plugins/com.st.stm32cube.ide.mcu.externaltools.gnu-tools-for-stm32.10.3-2021.10.macos64_1.0.0.202111181127/tools/bin/../lib/gcc/arm-none-eabi/10.3.1/../../../../arm-none-eabi/lib/thumb/v7e-m+fp/hard/libc_nano.a(lib_a-nano-mallocr.o) (_sbrk_r)
[...]
Memory Configuration

Name             Origin             Length             Attributes
RAM              0x0000000020000000 0x0000000000020000 xrw
FLASH            0x0000000008000000 0x0000000000080000 xr
*default*        0x0000000000000000 0xffffffffffffffff

Linker script and memory map

LOAD /Applications/STM32CubeIDE.app/Contents/Eclipse/plugins/com.st.stm32cube.ide.mcu.externaltools.gnu-tools-for-stm32.10.3-2021.10.macos64_1.0.0.202111181127/tools/bin/../lib/gcc/arm-none-eabi/10.3.1/thumb/v7e-m+fp/hard/crti.o
LOAD /Applications/STM32CubeIDE.app/Contents/Eclipse/plugins/com.st.stm32cube.ide.mcu.externaltools.gnu-tools-for-stm32.10.3-2021.10.macos64_1.0.0.202111181127/tools/bin/../lib/gcc/arm-none-eabi/10.3.1/thumb/v7e-m+fp/hard/crtbegin.o
LOAD /Applications/STM32CubeIDE.app/Contents/Eclipse/plugins/com.st.stm32cube.ide.mcu.externaltools.gnu-tools-for-stm32.10.3-2021.10.macos64_1.0.0.202111181127/tools/bin/../lib/gcc/arm-none-eabi/10.3.1/../../../../arm-none-eabi/lib/thumb/v7e-m+fp/hard/crt0.o
LOAD ./Core/Src/gpio.o
LOAD ./Core/Src/i2c.o
LOAD ./Core/Src/i2s.o
LOAD ./Core/Src/main.o
LOAD ./Core/Src/spi.o
LOAD ./Core/Src/stm32f4xx_hal_msp.o
LOAD ./Core/Src/stm32f4xx_it.o
LOAD ./Core/Src/syscalls.o
LOAD ./Core/Src/sysmem.o
LOAD ./Core/Src/system_stm32f4xx.o
LOAD ./Core/Startup/startup_stm32f411vetx.o
LOAD ./Drivers/STM32F4xx_HAL_Driver/Src/stm32f4xx_hal.o
LOAD ./Drivers/STM32F4xx_HAL_Driver/Src/stm32f4xx_hal_cortex.o
LOAD ./Drivers/STM32F4xx_HAL_Driver/Src/stm32f4xx_hal_dma.o
LOAD ./Drivers/STM32F4xx_HAL_Driver/Src/stm32f4xx_hal_dma_ex.o
LOAD ./Drivers/STM32F4xx_HAL_Driver/Src/stm32f4xx_hal_exti.o
LOAD ./Drivers/STM32F4xx_HAL_Driver/Src/stm32f4xx_hal_flash.o
LOAD ./Drivers/STM32F4xx_HAL_Driver/Src/stm32f4xx_hal_flash_ex.o
LOAD ./Drivers/STM32F4xx_HAL_Driver/Src/stm32f4xx_hal_flash_ramfunc.o
LOAD ./Drivers/STM32F4xx_HAL_Driver/Src/stm32f4xx_hal_gpio.o
LOAD ./Drivers/STM32F4xx_HAL_Driver/Src/stm32f4xx_hal_hcd.o
LOAD ./Drivers/STM32F4xx_HAL_Driver/Src/stm32f4xx_hal_i2c.o
LOAD ./Drivers/STM32F4xx_HAL_Driver/Src/stm32f4xx_hal_i2c_ex.o
LOAD ./Drivers/STM32F4xx_HAL_Driver/Src/stm32f4xx_hal_i2s.o
LOAD ./Drivers/STM32F4xx_HAL_Driver/Src/stm32f4xx_hal_i2s_ex.o
LOAD ./Drivers/STM32F4xx_HAL_Driver/Src/stm32f4xx_hal_pwr.o
LOAD ./Drivers/STM32F4xx_HAL_Driver/Src/stm32f4xx_hal_pwr_ex.o
LOAD ./Drivers/STM32F4xx_HAL_Driver/Src/stm32f4xx_hal_rcc.o
LOAD ./Drivers/STM32F4xx_HAL_Driver/Src/stm32f4xx_hal_rcc_ex.o
LOAD ./Drivers/STM32F4xx_HAL_Driver/Src/stm32f4xx_hal_spi.o
LOAD ./Drivers/STM32F4xx_HAL_Driver/Src/stm32f4xx_hal_tim.o
LOAD ./Drivers/STM32F4xx_HAL_Driver/Src/stm32f4xx_hal_tim_ex.o
LOAD ./Drivers/STM32F4xx_HAL_Driver/Src/stm32f4xx_ll_usb.o
LOAD ./Middlewares/ST/STM32_USB_Host_Library/Class/CDC/Src/usbh_cdc.o
LOAD ./Middlewares/ST/STM32_USB_Host_Library/Core/Src/usbh_core.o
LOAD ./Middlewares/ST/STM32_USB_Host_Library/Core/Src/usbh_ctlreq.o
LOAD ./Middlewares/ST/STM32_USB_Host_Library/Core/Src/usbh_ioreq.o
LOAD ./Middlewares/ST/STM32_USB_Host_Library/Core/Src/usbh_pipes.o
LOAD ./USB_HOST/App/usb_host.o
LOAD ./USB_HOST/Target/usbh_conf.o
LOAD ./USB_HOST/Target/usbh_platform.o
START GROUP
LOAD /Applications/STM32CubeIDE.app/Contents/Eclipse/plugins/com.st.stm32cube.ide.mcu.externaltools.gnu-tools-for-stm32.10.3-2021.10.macos64_1.0.0.202111181127/tools/bin/../lib/gcc/arm-none-eabi/10.3.1/../../../../arm-none-eabi/lib/thumb/v7e-m+fp/hard/libc_nano.a
LOAD /Applications/STM32CubeIDE.app/Contents/Eclipse/plugins/com.st.stm32cube.ide.mcu.externaltools.gnu-tools-for-stm32.10.3-2021.10.macos64_1.0.0.202111181127/tools/bin/../lib/gcc/arm-none-eabi/10.3.1/../../../../arm-none-eabi/lib/thumb/v7e-m+fp/hard/libm.a
END GROUP
START GROUP
LOAD /Applications/STM32CubeIDE.app/Contents/Eclipse/plugins/com.st.stm32cube.ide.mcu.externaltools.gnu-tools-for-stm32.10.3-2021.10.macos64_1.0.0.202111181127/tools/bin/../lib/gcc/arm-none-eabi/10.3.1/thumb/v7e-m+fp/hard/libgcc.a
LOAD /Applications/STM32CubeIDE.app/Contents/Eclipse/plugins/com.st.stm32cube.ide.mcu.externaltools.gnu-tools-for-stm32.10.3-2021.10.macos64_1.0.0.202111181127/tools/bin/../lib/gcc/arm-none-eabi/10.3.1/../../../../arm-none-eabi/lib/thumb/v7e-m+fp/hard/libc_nano.a
END GROUP
START GROUP
LOAD /Applications/STM32CubeIDE.app/Contents/Eclipse/plugins/com.st.stm32cube.ide.mcu.externaltools.gnu-tools-for-stm32.10.3-2021.10.macos64_1.0.0.202111181127/tools/bin/../lib/gcc/arm-none-eabi/10.3.1/thumb/v7e-m+fp/hard/libgcc.a
LOAD /Applications/STM32CubeIDE.app/Contents/Eclipse/plugins/com.st.stm32cube.ide.mcu.externaltools.gnu-tools-for-stm32.10.3-2021.10.macos64_1.0.0.202111181127/tools/bin/../lib/gcc/arm-none-eabi/10.3.1/../../../../arm-none-eabi/lib/thumb/v7e-m+fp/hard/libc_nano.a
LOAD /Applications/STM32CubeIDE.app/Contents/Eclipse/plugins/com.st.stm32cube.ide.mcu.externaltools.gnu-tools-for-stm32.10.3-2021.10.macos64_1.0.0.202111181127/tools/bin/../lib/gcc/arm-none-eabi/10.3.1/../../../../arm-none-eabi/lib/thumb/v7e-m+fp/hard/libnosys.a
END GROUP
START GROUP
LOAD /Applications/STM32CubeIDE.app/Contents/Eclipse/plugins/com.st.stm32cube.ide.mcu.externaltools.gnu-tools-for-stm32.10.3-2021.10.macos64_1.0.0.202111181127/tools/bin/../lib/gcc/arm-none-eabi/10.3.1/thumb/v7e-m+fp/hard/libgcc.a
LOAD /Applications/STM32CubeIDE.app/Contents/Eclipse/plugins/com.st.stm32cube.ide.mcu.externaltools.gnu-tools-for-stm32.10.3-2021.10.macos64_1.0.0.202111181127/tools/bin/../lib/gcc/arm-none-eabi/10.3.1/../../../../arm-none-eabi/lib/thumb/v7e-m+fp/hard/libc_nano.a
LOAD /Applications/STM32CubeIDE.app/Contents/Eclipse/plugins/com.st.stm32cube.ide.mcu.externaltools.gnu-tools-for-stm32.10.3-2021.10.macos64_1.0.0.202111181127/tools/bin/../lib/gcc/arm-none-eabi/10.3.1/../../../../arm-none-eabi/lib/thumb/v7e-m+fp/hard/libnosys.a
END GROUP
LOAD /Applications/STM32CubeIDE.app/Contents/Eclipse/plugins/com.st.stm32cube.ide.mcu.externaltools.gnu-tools-for-stm32.10.3-2021.10.macos64_1.0.0.202111181127/tools/bin/../lib/gcc/arm-none-eabi/10.3.1/thumb/v7e-m+fp/hard/crtend.o
LOAD /Applications/STM32CubeIDE.app/Contents/Eclipse/plugins/com.st.stm32cube.ide.mcu.externaltools.gnu-tools-for-stm32.10.3-2021.10.macos64_1.0.0.202111181127/tools/bin/../lib/gcc/arm-none-eabi/10.3.1/thumb/v7e-m+fp/hard/crtn.o
                0x0000000020020000                _estack = (ORIGIN (RAM) + LENGTH (RAM))
                0x0000000000000200                _Min_Heap_Size = 0x200
                0x0000000000000400                _Min_Stack_Size = 0x400

.isr_vector     0x0000000008000000      0x198
                0x0000000008000000                . = ALIGN (0x4)
 *(.isr_vector)
 .isr_vector    0x0000000008000000      0x198 ./Core/Startup/startup_stm32f411vetx.o
                0x0000000008000000                g_pfnVectors
                0x0000000008000198                . = ALIGN (0x4)

.text           0x0000000008000198     0x8960
                0x0000000008000198                . = ALIGN (0x4)
 *(.text)
 .text          0x0000000008000198       0x40 /Applications/STM32CubeIDE.app/Contents/Eclipse/plugins/com.st.stm32cube.ide.mcu.externaltools.gnu-tools-for-stm32.10.3-2021.10.macos64_1.0.0.202111181127/tools/bin/../lib/gcc/arm-none-eabi/10.3.1/thumb/v7e-m+fp/hard/crtbegin.o
 .text          0x00000000080001d8       0x30 /Applications/STM32CubeIDE.app/Contents/Eclipse/plugins/com.st.stm32cube.ide.mcu.externaltools.gnu-tools-for-stm32.10.3-2021.10.macos64_1.0.0.202111181127/tools/bin/../lib/gcc/arm-none-eabi/10.3.1/thumb/v7e-m+fp/hard/libgcc.a(_aeabi_uldivmod.o)
                0x00000000080001d8                __aeabi_uldivmod
 .text          0x0000000008000208      0x2d0 /Applications/STM32CubeIDE.app/Contents/Eclipse/plugins/com.st.stm32cube.ide.mcu.externaltools.gnu-tools-for-stm32.10.3-2021.10.macos64_1.0.0.202111181127/tools/bin/../lib/gcc/arm-none-eabi/10.3.1/thumb/v7e-m+fp/hard/libgcc.a(_udivmoddi4.o)
                0x0000000008000208                __udivmoddi4
 .text          0x00000000080004d8        0x4 /Applications/STM32CubeIDE.app/Contents/Eclipse/plugins/com.st.stm32cube.ide.mcu.externaltools.gnu-tools-for-stm32.10.3-2021.10.macos64_1.0.0.202111181127/tools/bin/../lib/gcc/arm-none-eabi/10.3.1/thumb/v7e-m+fp/hard/libgcc.a(_dvmd_tls.o)
                0x00000000080004d8                __aeabi_ldiv0
                0x00000000080004d8                __aeabi_idiv0
 *(.text*)
 .text.MX_GPIO_Init
                0x00000000080004dc      0x1b4 ./Core/Src/gpio.o
                0x00000000080004dc                MX_GPIO_Init
 .text.MX_I2C1_Init
                0x0000000008000690       0x5c ./Core/Src/i2c.o
                0x0000000008000690                MX_I2C1_Init
 .text.HAL_I2C_MspInit
                0x00000000080006ec       0x90 ./Core/Src/i2c.o
                0x00000000080006ec                HAL_I2C_MspInit
 .text.MX_I2S2_Init
                0x000000000800077c       0x5c ./Core/Src/i2s.o
                0x000000000800077c                MX_I2S2_Init
 .text.MX_I2S3_Init
                0x00000000080007d8       0x60 ./Core/Src/i2s.o
                0x00000000080007d8                MX_I2S3_Init
 .text.HAL_I2S_MspInit
                0x0000000008000838      0x19c ./Core/Src/i2s.o
                0x0000000008000838                HAL_I2S_MspInit
 .text.main     0x00000000080009d4       0xd0 ./Core/Src/main.o
                0x00000000080009d4                main
 .text.SystemClock_Config
                0x0000000008000aa4       0xd0 ./Core/Src/main.o
                0x0000000008000aa4                SystemClock_Config
 .text.PeriphCommonClock_Config
                0x0000000008000b74       0x40 ./Core/Src/main.o
                0x0000000008000b74                PeriphCommonClock_Config
 .text.Error_Handler
                0x0000000008000bb4        0xa ./Core/Src/main.o
                0x0000000008000bb4                Error_Handler
 .text.assert_failed
                0x0000000008000bbe       0x16 ./Core/Src/main.o
                0x0000000008000bbe                assert_failed
 .text.MX_SPI1_Init
                0x0000000008000bd4       0x6c ./Core/Src/spi.o
                0x0000000008000bd4                MX_SPI1_Init
 .text.HAL_SPI_MspInit
                0x0000000008000c40       0x90 ./Core/Src/spi.o
                0x0000000008000c40                HAL_SPI_MspInit
 .text.HAL_MspInit
                0x0000000008000cd0       0x50 ./Core/Src/stm32f4xx_hal_msp.o
                0x0000000008000cd0                HAL_MspInit
 .text.NMI_Handler
                0x0000000008000d20        0x6 ./Core/Src/stm32f4xx_it.o
                0x0000000008000d20                NMI_Handler
 .text.HardFault_Handler
                0x0000000008000d26        0x6 ./Core/Src/stm32f4xx_it.o
                0x0000000008000d26                HardFault_Handler
 .text.MemManage_Handler
                0x0000000008000d2c        0x6 ./Core/Src/stm32f4xx_it.o
                0x0000000008000d2c                MemManage_Handler
 .text.BusFault_Handler
                0x0000000008000d32        0x6 ./Core/Src/stm32f4xx_it.o
                0x0000000008000d32                BusFault_Handler
 .text.UsageFault_Handler
                0x0000000008000d38        0x6 ./Core/Src/stm32f4xx_it.o
                0x0000000008000d38                UsageFault_Handler
 .text.SVC_Handler
                0x0000000008000d3e        0xe ./Core/Src/stm32f4xx_it.o
                0x0000000008000d3e                SVC_Handler
 .text.DebugMon_Handler
                0x0000000008000d4c        0xe ./Core/Src/stm32f4xx_it.o
                0x0000000008000d4c                DebugMon_Handler
 .text.PendSV_Handler
                0x0000000008000d5a        0xe ./Core/Src/stm32f4xx_it.o
                0x0000000008000d5a                PendSV_Handler
 .text.SysTick_Handler
                0x0000000008000d68        0xc ./Core/Src/stm32f4xx_it.o
                0x0000000008000d68                SysTick_Handler
 .text.OTG_FS_IRQHandler
                0x0000000008000d74       0x14 ./Core/Src/stm32f4xx_it.o
                0x0000000008000d74                OTG_FS_IRQHandler
 .text._sbrk    0x0000000008000d88       0x6c ./Core/Src/sysmem.o
                0x0000000008000d88                _sbrk
 .text.SystemInit
                0x0000000008000df4       0x24 ./Core/Src/system_stm32f4xx.o
                0x0000000008000df4                SystemInit
 .text.Reset_Handler
                0x0000000008000e18       0x50 ./Core/Startup/startup_stm32f411vetx.o
                0x0000000008000e18                Reset_Handler
 .text.Default_Handler
                0x0000000008000e68        0x2 ./Core/Startup/startup_stm32f411vetx.o
                0x0000000008000e68                DMA1_Stream3_IRQHandler
                0x0000000008000e68                EXTI2_IRQHandler
                0x0000000008000e68                SPI4_IRQHandler
                0x0000000008000e68                TIM1_CC_IRQHandler
                0x0000000008000e68                DMA2_Stream5_IRQHandler
                0x0000000008000e68                DMA1_Stream5_IRQHandler
                0x0000000008000e68                PVD_IRQHandler
                0x0000000008000e68                SDIO_IRQHandler
                0x0000000008000e68                TAMP_STAMP_IRQHandler
                0x0000000008000e68                EXTI3_IRQHandler
                0x0000000008000e68                TIM1_UP_TIM10_IRQHandler
                0x0000000008000e68                I2C3_ER_IRQHandler
                0x0000000008000e68                EXTI0_IRQHandler
                0x0000000008000e68                I2C2_EV_IRQHandler
                0x0000000008000e68                DMA1_Stream2_IRQHandler
                0x0000000008000e68                FPU_IRQHandler
                0x0000000008000e68                DMA2_Stream2_IRQHandler
                0x0000000008000e68                SPI1_IRQHandler
                0x0000000008000e68                TIM1_BRK_TIM9_IRQHandler
                0x0000000008000e68                DMA2_Stream3_IRQHandler
                0x0000000008000e68                USART6_IRQHandler
                0x0000000008000e68                DMA2_Stream0_IRQHandler
                0x0000000008000e68                TIM4_IRQHandler
                0x0000000008000e68                I2C1_EV_IRQHandler
                0x0000000008000e68                DMA1_Stream6_IRQHandler
                0x0000000008000e68                DMA1_Stream1_IRQHandler
                0x0000000008000e68                TIM3_IRQHandler
                0x0000000008000e68                RCC_IRQHandler
                0x0000000008000e68                Default_Handler
                0x0000000008000e68                EXTI15_10_IRQHandler
                0x0000000008000e68                ADC_IRQHandler
                0x0000000008000e68                DMA1_Stream7_IRQHandler
                0x0000000008000e68                SPI5_IRQHandler
                0x0000000008000e68                TIM5_IRQHandler
                0x0000000008000e68                DMA2_Stream7_IRQHandler
                0x0000000008000e68                I2C3_EV_IRQHandler
                0x0000000008000e68                EXTI9_5_IRQHandler
                0x0000000008000e68                RTC_WKUP_IRQHandler
                0x0000000008000e68                SPI2_IRQHandler
                0x0000000008000e68                DMA1_Stream0_IRQHandler
                0x0000000008000e68                EXTI4_IRQHandler
                0x0000000008000e68                WWDG_IRQHandler
                0x0000000008000e68                TIM2_IRQHandler
                0x0000000008000e68                OTG_FS_WKUP_IRQHandler
                0x0000000008000e68                TIM1_TRG_COM_TIM11_IRQHandler
                0x0000000008000e68                EXTI1_IRQHandler
                0x0000000008000e68                USART2_IRQHandler
                0x0000000008000e68                I2C2_ER_IRQHandler
                0x0000000008000e68                DMA2_Stream1_IRQHandler
                0x0000000008000e68                FLASH_IRQHandler
                0x0000000008000e68                DMA2_Stream4_IRQHandler
                0x0000000008000e68                USART1_IRQHandler
                0x0000000008000e68                SPI3_IRQHandler
                0x0000000008000e68                DMA1_Stream4_IRQHandler
                0x0000000008000e68                I2C1_ER_IRQHandler
                0x0000000008000e68                DMA2_Stream6_IRQHandler
                0x0000000008000e68                RTC_Alarm_IRQHandler
 *fill*         0x0000000008000e6a        0x2 
 .text.HAL_Init
                0x0000000008000e6c       0x44 ./Drivers/STM32F4xx_HAL_Driver/Src/stm32f4xx_hal.o
                0x0000000008000e6c                HAL_Init
 .text.HAL_InitTick
                0x0000000008000eb0       0x60 ./Drivers/STM32F4xx_HAL_Driver/Src/stm32f4xx_hal.o
                0x0000000008000eb0                HAL_InitTick
 .text.HAL_IncTick
                0x0000000008000f10       0x28 ./Drivers/STM32F4xx_HAL_Driver/Src/stm32f4xx_hal.o
                0x0000000008000f10                HAL_IncTick
 .text.HAL_GetTick
                0x0000000008000f38       0x18 ./Drivers/STM32F4xx_HAL_Driver/Src/stm32f4xx_hal.o
                0x0000000008000f38                HAL_GetTick
 .text.HAL_Delay
                0x0000000008000f50       0x48 ./Drivers/STM32F4xx_HAL_Driver/Src/stm32f4xx_hal.o
                0x0000000008000f50                HAL_Delay
 .text.__NVIC_SetPriorityGrouping
                0x0000000008000f98       0x48 ./Drivers/STM32F4xx_HAL_Driver/Src/stm32f4xx_hal_cortex.o
 .text.__NVIC_GetPriorityGrouping
                0x0000000008000fe0       0x1c ./Drivers/STM32F4xx_HAL_Driver/Src/stm32f4xx_hal_cortex.o
 .text.__NVIC_EnableIRQ
                0x0000000008000ffc       0x3c ./Drivers/STM32F4xx_HAL_Driver/Src/stm32f4xx_hal_cortex.o
 .text.__NVIC_SetPriority
                0x0000000008001038       0x54 ./Drivers/STM32F4xx_HAL_Driver/Src/stm32f4xx_hal_cortex.o
 .text.NVIC_EncodePriority
                0x000000000800108c       0x66 ./Drivers/STM32F4xx_HAL_Driver/Src/stm32f4xx_hal_cortex.o
 *fill*         0x00000000080010f2        0x2 
 .text.SysTick_Config
                0x00000000080010f4       0x44 ./Drivers/STM32F4xx_HAL_Driver/Src/stm32f4xx_hal_cortex.o
 .text.HAL_NVIC_SetPriorityGrouping
                0x0000000008001138       0x40 ./Drivers/STM32F4xx_HAL_Driver/Src/stm32f4xx_hal_cortex.o
                0x0000000008001138                HAL_NVIC_SetPriorityGrouping
 .text.HAL_NVIC_SetPriority
                0x0000000008001178       0x58 ./Drivers/STM32F4xx_HAL_Driver/Src/stm32f4xx_hal_cortex.o
                0x0000000008001178                HAL_NVIC_SetPriority
 .text.HAL_NVIC_EnableIRQ
                0x00000000080011d0       0x30 ./Drivers/STM32F4xx_HAL_Driver/Src/stm32f4xx_hal_cortex.o
                0x00000000080011d0                HAL_NVIC_EnableIRQ
 .text.HAL_SYSTICK_Config
                0x0000000008001200       0x18 ./Drivers/STM32F4xx_HAL_Driver/Src/stm32f4xx_hal_cortex.o
                0x0000000008001200                HAL_SYSTICK_Config
 .text.HAL_GPIO_Init
                0x0000000008001218      0x534 ./Drivers/STM32F4xx_HAL_Driver/Src/stm32f4xx_hal_gpio.o
                0x0000000008001218                HAL_GPIO_Init
 .text.HAL_GPIO_ReadPin
                0x000000000800174c       0x4c ./Drivers/STM32F4xx_HAL_Driver/Src/stm32f4xx_hal_gpio.o
                0x000000000800174c                HAL_GPIO_ReadPin
 .text.HAL_GPIO_WritePin
                0x0000000008001798       0x64 ./Drivers/STM32F4xx_HAL_Driver/Src/stm32f4xx_hal_gpio.o
                0x0000000008001798                HAL_GPIO_WritePin
 .text.HAL_GPIO_TogglePin
                0x00000000080017fc       0x50 ./Drivers/STM32F4xx_HAL_Driver/Src/stm32f4xx_hal_gpio.o
                0x00000000080017fc                HAL_GPIO_TogglePin
 .text.HAL_HCD_Init
                0x000000000800184c       0xdc ./Drivers/STM32F4xx_HAL_Driver/Src/stm32f4xx_hal_hcd.o
                0x000000000800184c                HAL_HCD_Init
 .text.HAL_HCD_HC_Init
                0x0000000008001928      0x11e ./Drivers/STM32F4xx_HAL_Driver/Src/stm32f4xx_hal_hcd.o
                0x0000000008001928                HAL_HCD_HC_Init
 .text.HAL_HCD_HC_Halt
                0x0000000008001a46       0x46 ./Drivers/STM32F4xx_HAL_Driver/Src/stm32f4xx_hal_hcd.o
                0x0000000008001a46                HAL_HCD_HC_Halt
 .text.HAL_HCD_HC_SubmitRequest
                0x0000000008001a8c      0x2ac ./Drivers/STM32F4xx_HAL_Driver/Src/stm32f4xx_hal_hcd.o
                0x0000000008001a8c                HAL_HCD_HC_SubmitRequest
 .text.HAL_HCD_IRQHandler
                0x0000000008001d38      0x216 ./Drivers/STM32F4xx_HAL_Driver/Src/stm32f4xx_hal_hcd.o
                0x0000000008001d38                HAL_HCD_IRQHandler
 .text.HAL_HCD_Start
                0x0000000008001f4e       0x46 ./Drivers/STM32F4xx_HAL_Driver/Src/stm32f4xx_hal_hcd.o
                0x0000000008001f4e                HAL_HCD_Start
 .text.HAL_HCD_Stop
                0x0000000008001f94       0x3a ./Drivers/STM32F4xx_HAL_Driver/Src/stm32f4xx_hal_hcd.o
                0x0000000008001f94                HAL_HCD_Stop
 .text.HAL_HCD_ResetPort
                0x0000000008001fce       0x1c ./Drivers/STM32F4xx_HAL_Driver/Src/stm32f4xx_hal_hcd.o
                0x0000000008001fce                HAL_HCD_ResetPort
 .text.HAL_HCD_HC_GetURBState
                0x0000000008001fea       0x28 ./Drivers/STM32F4xx_HAL_Driver/Src/stm32f4xx_hal_hcd.o
                0x0000000008001fea                HAL_HCD_HC_GetURBState
 .text.HAL_HCD_HC_GetXferCount
                0x0000000008002012       0x28 ./Drivers/STM32F4xx_HAL_Driver/Src/stm32f4xx_hal_hcd.o
                0x0000000008002012                HAL_HCD_HC_GetXferCount
 .text.HAL_HCD_GetCurrentFrame
                0x000000000800203a       0x1c ./Drivers/STM32F4xx_HAL_Driver/Src/stm32f4xx_hal_hcd.o
                0x000000000800203a                HAL_HCD_GetCurrentFrame
 .text.HAL_HCD_GetCurrentSpeed
                0x0000000008002056       0x1c ./Drivers/STM32F4xx_HAL_Driver/Src/stm32f4xx_hal_hcd.o
                0x0000000008002056                HAL_HCD_GetCurrentSpeed
 .text.HCD_HC_IN_IRQHandler
                0x0000000008002072      0x6aa ./Drivers/STM32F4xx_HAL_Driver/Src/stm32f4xx_hal_hcd.o
 .text.HCD_HC_OUT_IRQHandler
                0x000000000800271c      0x6d2 ./Drivers/STM32F4xx_HAL_Driver/Src/stm32f4xx_hal_hcd.o
 .text.HCD_RXQLVL_IRQHandler
                0x0000000008002dee      0x1a4 ./Drivers/STM32F4xx_HAL_Driver/Src/stm32f4xx_hal_hcd.o
 .text.HCD_Port_IRQHandler
                0x0000000008002f92       0xe6 ./Drivers/STM32F4xx_HAL_Driver/Src/stm32f4xx_hal_hcd.o
 .text.HAL_I2C_Init
                0x0000000008003078      0x398 ./Drivers/STM32F4xx_HAL_Driver/Src/stm32f4xx_hal_i2c.o
                0x0000000008003078                HAL_I2C_Init
 .text.HAL_I2S_Init
                0x0000000008003410      0x3fc ./Drivers/STM32F4xx_HAL_Driver/Src/stm32f4xx_hal_i2s.o
                0x0000000008003410                HAL_I2S_Init
 .text.HAL_I2S_TxCpltCallback
                0x000000000800380c       0x14 ./Drivers/STM32F4xx_HAL_Driver/Src/stm32f4xx_hal_i2s.o
                0x000000000800380c                HAL_I2S_TxCpltCallback
 .text.HAL_I2S_RxCpltCallback
                0x0000000008003820       0x14 ./Drivers/STM32F4xx_HAL_Driver/Src/stm32f4xx_hal_i2s.o
                0x0000000008003820                HAL_I2S_RxCpltCallback
 .text.HAL_I2S_ErrorCallback
                0x0000000008003834       0x14 ./Drivers/STM32F4xx_HAL_Driver/Src/stm32f4xx_hal_i2s.o
                0x0000000008003834                HAL_I2S_ErrorCallback
 .text.I2S_Transmit_IT
                0x0000000008003848       0x5c ./Drivers/STM32F4xx_HAL_Driver/Src/stm32f4xx_hal_i2s.o
 .text.I2S_Receive_IT
                0x00000000080038a4       0x5e ./Drivers/STM32F4xx_HAL_Driver/Src/stm32f4xx_hal_i2s.o
 .text.I2S_IRQHandler
                0x0000000008003902      0x114 ./Drivers/STM32F4xx_HAL_Driver/Src/stm32f4xx_hal_i2s.o
 *fill*         0x0000000008003a16        0x2 
 .text.HAL_I2SEx_FullDuplex_IRQHandler
                0x0000000008003a18      0x2a8 ./Drivers/STM32F4xx_HAL_Driver/Src/stm32f4xx_hal_i2s_ex.o
                0x0000000008003a18                HAL_I2SEx_FullDuplex_IRQHandler
 .text.HAL_I2SEx_TxRxCpltCallback
                0x0000000008003cc0       0x14 ./Drivers/STM32F4xx_HAL_Driver/Src/stm32f4xx_hal_i2s_ex.o
                0x0000000008003cc0                HAL_I2SEx_TxRxCpltCallback
 .text.I2SEx_TxISR_I2S
                0x0000000008003cd4       0x62 ./Drivers/STM32F4xx_HAL_Driver/Src/stm32f4xx_hal_i2s_ex.o
 *fill*         0x0000000008003d36        0x2 
 .text.I2SEx_TxISR_I2SExt
                0x0000000008003d38       0x98 ./Drivers/STM32F4xx_HAL_Driver/Src/stm32f4xx_hal_i2s_ex.o
 .text.I2SEx_RxISR_I2S
                0x0000000008003dd0       0x64 ./Drivers/STM32F4xx_HAL_Driver/Src/stm32f4xx_hal_i2s_ex.o
 .text.I2SEx_RxISR_I2SExt
                0x0000000008003e34       0x98 ./Drivers/STM32F4xx_HAL_Driver/Src/stm32f4xx_hal_i2s_ex.o
 .text.HAL_RCC_OscConfig
                0x0000000008003ecc      0x650 ./Drivers/STM32F4xx_HAL_Driver/Src/stm32f4xx_hal_rcc.o
                0x0000000008003ecc                HAL_RCC_OscConfig
 .text.HAL_RCC_ClockConfig
                0x000000000800451c      0x31c ./Drivers/STM32F4xx_HAL_Driver/Src/stm32f4xx_hal_rcc.o
                0x000000000800451c                HAL_RCC_ClockConfig
 .text.HAL_RCC_GetSysClockFreq
                0x0000000008004838      0x20c ./Drivers/STM32F4xx_HAL_Driver/Src/stm32f4xx_hal_rcc.o
                0x0000000008004838                HAL_RCC_GetSysClockFreq
 .text.HAL_RCC_GetHCLKFreq
                0x0000000008004a44       0x18 ./Drivers/STM32F4xx_HAL_Driver/Src/stm32f4xx_hal_rcc.o
                0x0000000008004a44                HAL_RCC_GetHCLKFreq
 .text.HAL_RCC_GetPCLK1Freq
                0x0000000008004a5c       0x28 ./Drivers/STM32F4xx_HAL_Driver/Src/stm32f4xx_hal_rcc.o
                0x0000000008004a5c                HAL_RCC_GetPCLK1Freq
 .text.HAL_RCCEx_PeriphCLKConfig
                0x0000000008004a84      0x42c ./Drivers/STM32F4xx_HAL_Driver/Src/stm32f4xx_hal_rcc_ex.o
                0x0000000008004a84                HAL_RCCEx_PeriphCLKConfig
 .text.HAL_RCCEx_GetPeriphCLKFreq
                0x0000000008004eb0       0xc0 ./Drivers/STM32F4xx_HAL_Driver/Src/stm32f4xx_hal_rcc_ex.o
                0x0000000008004eb0                HAL_RCCEx_GetPeriphCLKFreq
 .text.HAL_SPI_Init
                0x0000000008004f70      0x338 ./Drivers/STM32F4xx_HAL_Driver/Src/stm32f4xx_hal_spi.o
                0x0000000008004f70                HAL_SPI_Init
 .text.USB_CoreInit
                0x00000000080052a8       0xc2 ./Drivers/STM32F4xx_HAL_Driver/Src/stm32f4xx_ll_usb.o
                0x00000000080052a8                USB_CoreInit
 .text.USB_EnableGlobalInt
                0x000000000800536a       0x22 ./Drivers/STM32F4xx_HAL_Driver/Src/stm32f4xx_ll_usb.o
                0x000000000800536a                USB_EnableGlobalInt
 .text.USB_DisableGlobalInt
                0x000000000800538c       0x22 ./Drivers/STM32F4xx_HAL_Driver/Src/stm32f4xx_ll_usb.o
                0x000000000800538c                USB_DisableGlobalInt
 .text.USB_SetCurrentMode
                0x00000000080053ae       0x98 ./Drivers/STM32F4xx_HAL_Driver/Src/stm32f4xx_ll_usb.o
                0x00000000080053ae                USB_SetCurrentMode
 *fill*         0x0000000008005446        0x2 
 .text.USB_FlushTxFifo
                0x0000000008005448       0x68 ./Drivers/STM32F4xx_HAL_Driver/Src/stm32f4xx_ll_usb.o
                0x0000000008005448                USB_FlushTxFifo
 .text.USB_FlushRxFifo
                0x00000000080054b0       0x60 ./Drivers/STM32F4xx_HAL_Driver/Src/stm32f4xx_ll_usb.o
                0x00000000080054b0                USB_FlushRxFifo
 .text.USB_WritePacket
                0x0000000008005510       0x7c ./Drivers/STM32F4xx_HAL_Driver/Src/stm32f4xx_ll_usb.o
                0x0000000008005510                USB_WritePacket
 .text.USB_ReadPacket
                0x000000000800558c       0xb0 ./Drivers/STM32F4xx_HAL_Driver/Src/stm32f4xx_ll_usb.o
                0x000000000800558c                USB_ReadPacket
 .text.USB_ReadInterrupts
                0x000000000800563c       0x26 ./Drivers/STM32F4xx_HAL_Driver/Src/stm32f4xx_ll_usb.o
                0x000000000800563c                USB_ReadInterrupts
 .text.USB_GetMode
                0x0000000008005662       0x1c ./Drivers/STM32F4xx_HAL_Driver/Src/stm32f4xx_ll_usb.o
                0x0000000008005662                USB_GetMode
 *fill*         0x000000000800567e        0x2 
 .text.USB_CoreReset
                0x0000000008005680       0x68 ./Drivers/STM32F4xx_HAL_Driver/Src/stm32f4xx_ll_usb.o
 .text.USB_HostInit
                0x00000000080056e8      0x180 ./Drivers/STM32F4xx_HAL_Driver/Src/stm32f4xx_ll_usb.o
                0x00000000080056e8                USB_HostInit
 .text.USB_InitFSLSPClkSel
                0x0000000008005868       0x74 ./Drivers/STM32F4xx_HAL_Driver/Src/stm32f4xx_ll_usb.o
                0x0000000008005868                USB_InitFSLSPClkSel
 .text.USB_ResetPort
                0x00000000080058dc       0x54 ./Drivers/STM32F4xx_HAL_Driver/Src/stm32f4xx_ll_usb.o
                0x00000000080058dc                USB_ResetPort
 .text.USB_DriveVbus
                0x0000000008005930       0x72 ./Drivers/STM32F4xx_HAL_Driver/Src/stm32f4xx_ll_usb.o
                0x0000000008005930                USB_DriveVbus
 .text.USB_GetHostSpeed
                0x00000000080059a2       0x2e ./Drivers/STM32F4xx_HAL_Driver/Src/stm32f4xx_ll_usb.o
                0x00000000080059a2                USB_GetHostSpeed
 .text.USB_GetCurrentFrame
                0x00000000080059d0       0x22 ./Drivers/STM32F4xx_HAL_Driver/Src/stm32f4xx_ll_usb.o
                0x00000000080059d0                USB_GetCurrentFrame
 *fill*         0x00000000080059f2        0x2 
 .text.USB_HC_Init
                0x00000000080059f4      0x244 ./Drivers/STM32F4xx_HAL_Driver/Src/stm32f4xx_ll_usb.o
                0x00000000080059f4                USB_HC_Init
 .text.USB_HC_StartXfer
                0x0000000008005c38      0x284 ./Drivers/STM32F4xx_HAL_Driver/Src/stm32f4xx_ll_usb.o
                0x0000000008005c38                USB_HC_StartXfer
 .text.USB_HC_ReadInterrupt
                0x0000000008005ebc       0x22 ./Drivers/STM32F4xx_HAL_Driver/Src/stm32f4xx_ll_usb.o
                0x0000000008005ebc                USB_HC_ReadInterrupt
 .text.USB_HC_Halt
                0x0000000008005ede      0x1f8 ./Drivers/STM32F4xx_HAL_Driver/Src/stm32f4xx_ll_usb.o
                0x0000000008005ede                USB_HC_Halt
 *fill*         0x00000000080060d6        0x2 
 .text.USB_DoPing
                0x00000000080060d8       0x78 ./Drivers/STM32F4xx_HAL_Driver/Src/stm32f4xx_ll_usb.o
                0x00000000080060d8                USB_DoPing
 .text.USB_StopHost
                0x0000000008006150      0x124 ./Drivers/STM32F4xx_HAL_Driver/Src/stm32f4xx_ll_usb.o
                0x0000000008006150                USB_StopHost
 .text.USBH_CDC_InterfaceInit
                0x0000000008006274      0x2ac ./Middlewares/ST/STM32_USB_Host_Library/Class/CDC/Src/usbh_cdc.o
 .text.USBH_CDC_InterfaceDeInit
                0x0000000008006520       0xb2 ./Middlewares/ST/STM32_USB_Host_Library/Class/CDC/Src/usbh_cdc.o
 .text.USBH_CDC_ClassRequest
                0x00000000080065d2       0x3e ./Middlewares/ST/STM32_USB_Host_Library/Class/CDC/Src/usbh_cdc.o
 .text.USBH_CDC_Process
                0x0000000008006610      0x12c ./Middlewares/ST/STM32_USB_Host_Library/Class/CDC/Src/usbh_cdc.o
 .text.USBH_CDC_SOFProcess
                0x000000000800673c       0x16 ./Middlewares/ST/STM32_USB_Host_Library/Class/CDC/Src/usbh_cdc.o
 .text.GetLineCoding
                0x0000000008006752       0x3e ./Middlewares/ST/STM32_USB_Host_Library/Class/CDC/Src/usbh_cdc.o
 .text.SetLineCoding
                0x0000000008006790       0x3e ./Middlewares/ST/STM32_USB_Host_Library/Class/CDC/Src/usbh_cdc.o
 .text.CDC_ProcessTransmission
                0x00000000080067ce       0xec ./Middlewares/ST/STM32_USB_Host_Library/Class/CDC/Src/usbh_cdc.o
 .text.CDC_ProcessReception
                0x00000000080068ba       0xb6 ./Middlewares/ST/STM32_USB_Host_Library/Class/CDC/Src/usbh_cdc.o
 .text.USBH_CDC_TransmitCallback
                0x0000000008006970       0x14 ./Middlewares/ST/STM32_USB_Host_Library/Class/CDC/Src/usbh_cdc.o
                0x0000000008006970                USBH_CDC_TransmitCallback
 .text.USBH_CDC_ReceiveCallback
                0x0000000008006984       0x14 ./Middlewares/ST/STM32_USB_Host_Library/Class/CDC/Src/usbh_cdc.o
                0x0000000008006984                USBH_CDC_ReceiveCallback
 .text.USBH_CDC_LineCodingChanged
                0x0000000008006998       0x14 ./Middlewares/ST/STM32_USB_Host_Library/Class/CDC/Src/usbh_cdc.o
                0x0000000008006998                USBH_CDC_LineCodingChanged
 .text.USBH_Init
                0x00000000080069ac       0x74 ./Middlewares/ST/STM32_USB_Host_Library/Core/Src/usbh_core.o
                0x00000000080069ac                USBH_Init
 .text.DeInitStateMachine
                0x0000000008006a20       0xa8 ./Middlewares/ST/STM32_USB_Host_Library/Core/Src/usbh_core.o
 .text.USBH_RegisterClass
                0x0000000008006ac8       0x54 ./Middlewares/ST/STM32_USB_Host_Library/Core/Src/usbh_core.o
                0x0000000008006ac8                USBH_RegisterClass
 .text.USBH_SelectInterface
                0x0000000008006b1c       0x38 ./Middlewares/ST/STM32_USB_Host_Library/Core/Src/usbh_core.o
                0x0000000008006b1c                USBH_SelectInterface
 .text.USBH_FindInterface
                0x0000000008006b54       0x8c ./Middlewares/ST/STM32_USB_Host_Library/Core/Src/usbh_core.o
                0x0000000008006b54                USBH_FindInterface
 .text.USBH_Start
                0x0000000008006be0       0x20 ./Middlewares/ST/STM32_USB_Host_Library/Core/Src/usbh_core.o
                0x0000000008006be0                USBH_Start
 .text.USBH_Process
                0x0000000008006c00      0x3d8 ./Middlewares/ST/STM32_USB_Host_Library/Core/Src/usbh_core.o
                0x0000000008006c00                USBH_Process
 .text.USBH_HandleEnum
                0x0000000008006fd8      0x3c8 ./Middlewares/ST/STM32_USB_Host_Library/Core/Src/usbh_core.o
 .text.USBH_LL_SetTimer
                0x00000000080073a0       0x1e ./Middlewares/ST/STM32_USB_Host_Library/Core/Src/usbh_core.o
                0x00000000080073a0                USBH_LL_SetTimer
 .text.USBH_LL_IncTimer
                0x00000000080073be       0x24 ./Middlewares/ST/STM32_USB_Host_Library/Core/Src/usbh_core.o
                0x00000000080073be                USBH_LL_IncTimer
 .text.USBH_HandleSof
                0x00000000080073e2       0x30 ./Middlewares/ST/STM32_USB_Host_Library/Core/Src/usbh_core.o
 .text.USBH_LL_PortEnabled
                0x0000000008007412       0x1c ./Middlewares/ST/STM32_USB_Host_Library/Core/Src/usbh_core.o
                0x0000000008007412                USBH_LL_PortEnabled
 .text.USBH_LL_PortDisabled
                0x000000000800742e       0x1c ./Middlewares/ST/STM32_USB_Host_Library/Core/Src/usbh_core.o
                0x000000000800742e                USBH_LL_PortDisabled
 .text.USBH_LL_Connect
                0x000000000800744a       0x2e ./Middlewares/ST/STM32_USB_Host_Library/Core/Src/usbh_core.o
                0x000000000800744a                USBH_LL_Connect
 .text.USBH_LL_Disconnect
                0x0000000008007478       0x48 ./Middlewares/ST/STM32_USB_Host_Library/Core/Src/usbh_core.o
                0x0000000008007478                USBH_LL_Disconnect
 .text.USBH_Get_DevDesc
                0x00000000080074c0       0x50 ./Middlewares/ST/STM32_USB_Host_Library/Core/Src/usbh_ctlreq.o
                0x00000000080074c0                USBH_Get_DevDesc
 .text.USBH_Get_CfgDesc
                0x0000000008007510       0x48 ./Middlewares/ST/STM32_USB_Host_Library/Core/Src/usbh_ctlreq.o
                0x0000000008007510                USBH_Get_CfgDesc
 .text.USBH_Get_StringDesc
                0x0000000008007558       0x56 ./Middlewares/ST/STM32_USB_Host_Library/Core/Src/usbh_ctlreq.o
                0x0000000008007558                USBH_Get_StringDesc
 .text.USBH_GetDescriptor
                0x00000000080075ae       0x6a ./Middlewares/ST/STM32_USB_Host_Library/Core/Src/usbh_ctlreq.o
                0x00000000080075ae                USBH_GetDescriptor
 .text.USBH_SetAddress
                0x0000000008007618       0x48 ./Middlewares/ST/STM32_USB_Host_Library/Core/Src/usbh_ctlreq.o
                0x0000000008007618                USBH_SetAddress
 .text.USBH_SetCfg
                0x0000000008007660       0x46 ./Middlewares/ST/STM32_USB_Host_Library/Core/Src/usbh_ctlreq.o
                0x0000000008007660                USBH_SetCfg
 .text.USBH_SetFeature
                0x00000000080076a6       0x48 ./Middlewares/ST/STM32_USB_Host_Library/Core/Src/usbh_ctlreq.o
                0x00000000080076a6                USBH_SetFeature
 .text.USBH_ClrFeature
                0x00000000080076ee       0x48 ./Middlewares/ST/STM32_USB_Host_Library/Core/Src/usbh_ctlreq.o
                0x00000000080076ee                USBH_ClrFeature
 .text.USBH_ParseDevDesc
                0x0000000008007736      0x122 ./Middlewares/ST/STM32_USB_Host_Library/Core/Src/usbh_ctlreq.o
 .text.USBH_ParseCfgDesc
                0x0000000008007858      0x1ec ./Middlewares/ST/STM32_USB_Host_Library/Core/Src/usbh_ctlreq.o
 .text.USBH_ParseInterfaceDesc
                0x0000000008007a44       0x5e ./Middlewares/ST/STM32_USB_Host_Library/Core/Src/usbh_ctlreq.o
 .text.USBH_ParseEPDesc
                0x0000000008007aa2      0x14a ./Middlewares/ST/STM32_USB_Host_Library/Core/Src/usbh_ctlreq.o
 .text.USBH_ParseStringDesc
                0x0000000008007bec       0x66 ./Middlewares/ST/STM32_USB_Host_Library/Core/Src/usbh_ctlreq.o
 .text.USBH_GetNextDesc
                0x0000000008007c52       0x36 ./Middlewares/ST/STM32_USB_Host_Library/Core/Src/usbh_ctlreq.o
                0x0000000008007c52                USBH_GetNextDesc
 .text.USBH_CtlReq
                0x0000000008007c88       0x7a ./Middlewares/ST/STM32_USB_Host_Library/Core/Src/usbh_ctlreq.o
                0x0000000008007c88                USBH_CtlReq
 *fill*         0x0000000008007d02        0x2 
 .text.USBH_HandleControl
                0x0000000008007d04      0x2e8 ./Middlewares/ST/STM32_USB_Host_Library/Core/Src/usbh_ctlreq.o
 .text.USBH_CtlSendSetup
                0x0000000008007fec       0x34 ./Middlewares/ST/STM32_USB_Host_Library/Core/Src/usbh_ioreq.o
                0x0000000008007fec                USBH_CtlSendSetup
 .text.USBH_CtlSendData
                0x0000000008008020       0x4a ./Middlewares/ST/STM32_USB_Host_Library/Core/Src/usbh_ioreq.o
                0x0000000008008020                USBH_CtlSendData
 .text.USBH_CtlReceiveData
                0x000000000800806a       0x3c ./Middlewares/ST/STM32_USB_Host_Library/Core/Src/usbh_ioreq.o
                0x000000000800806a                USBH_CtlReceiveData
 .text.USBH_BulkSendData
                0x00000000080080a6       0x4a ./Middlewares/ST/STM32_USB_Host_Library/Core/Src/usbh_ioreq.o
                0x00000000080080a6                USBH_BulkSendData
 .text.USBH_BulkReceiveData
                0x00000000080080f0       0x3c ./Middlewares/ST/STM32_USB_Host_Library/Core/Src/usbh_ioreq.o
                0x00000000080080f0                USBH_BulkReceiveData
 .text.USBH_OpenPipe
                0x000000000800812c       0x3e ./Middlewares/ST/STM32_USB_Host_Library/Core/Src/usbh_pipes.o
                0x000000000800812c                USBH_OpenPipe
 .text.USBH_ClosePipe
                0x000000000800816a       0x20 ./Middlewares/ST/STM32_USB_Host_Library/Core/Src/usbh_pipes.o
                0x000000000800816a                USBH_ClosePipe
 .text.USBH_AllocPipe
                0x000000000800818a       0x42 ./Middlewares/ST/STM32_USB_Host_Library/Core/Src/usbh_pipes.o
                0x000000000800818a                USBH_AllocPipe
 .text.USBH_FreePipe
                0x00000000080081cc       0x3c ./Middlewares/ST/STM32_USB_Host_Library/Core/Src/usbh_pipes.o
                0x00000000080081cc                USBH_FreePipe
 .text.USBH_GetFreePipe
                0x0000000008008208       0x48 ./Middlewares/ST/STM32_USB_Host_Library/Core/Src/usbh_pipes.o
 .text.MX_USB_HOST_Init
                0x0000000008008250       0x4c ./USB_HOST/App/usb_host.o
                0x0000000008008250                MX_USB_HOST_Init
 .text.MX_USB_HOST_Process
                0x000000000800829c       0x14 ./USB_HOST/App/usb_host.o
                0x000000000800829c                MX_USB_HOST_Process
 .text.USBH_UserProcess
                0x00000000080082b0       0x5c ./USB_HOST/App/usb_host.o
 .text.HAL_HCD_MspInit
                0x000000000800830c       0xc4 ./USB_HOST/Target/usbh_conf.o
                0x000000000800830c                HAL_HCD_MspInit
 .text.HAL_HCD_SOF_Callback
                0x00000000080083d0       0x1c ./USB_HOST/Target/usbh_conf.o
                0x00000000080083d0                HAL_HCD_SOF_Callback
 .text.HAL_HCD_Connect_Callback
                0x00000000080083ec       0x1c ./USB_HOST/Target/usbh_conf.o
                0x00000000080083ec                HAL_HCD_Connect_Callback
 .text.HAL_HCD_Disconnect_Callback
                0x0000000008008408       0x1c ./USB_HOST/Target/usbh_conf.o
                0x0000000008008408                HAL_HCD_Disconnect_Callback
 .text.HAL_HCD_HC_NotifyURBChange_Callback
                0x0000000008008424       0x1c ./USB_HOST/Target/usbh_conf.o
                0x0000000008008424                HAL_HCD_HC_NotifyURBChange_Callback
 .text.HAL_HCD_PortEnabled_Callback
                0x0000000008008440       0x1c ./USB_HOST/Target/usbh_conf.o
                0x0000000008008440                HAL_HCD_PortEnabled_Callback
 .text.HAL_HCD_PortDisabled_Callback
                0x000000000800845c       0x1c ./USB_HOST/Target/usbh_conf.o
                0x000000000800845c                HAL_HCD_PortDisabled_Callback
 .text.USBH_LL_Init
                0x0000000008008478       0x78 ./USB_HOST/Target/usbh_conf.o
                0x0000000008008478                USBH_LL_Init
 .text.USBH_LL_Start
                0x00000000080084f0       0x36 ./USB_HOST/Target/usbh_conf.o
                0x00000000080084f0                USBH_LL_Start
 .text.USBH_LL_Stop
                0x0000000008008526       0x36 ./USB_HOST/Target/usbh_conf.o
                0x0000000008008526                USBH_LL_Stop
 .text.USBH_LL_GetSpeed
                0x000000000800855c       0x4e ./USB_HOST/Target/usbh_conf.o
                0x000000000800855c                USBH_LL_GetSpeed
 .text.USBH_LL_ResetPort
                0x00000000080085aa       0x36 ./USB_HOST/Target/usbh_conf.o
                0x00000000080085aa                USBH_LL_ResetPort
 .text.USBH_LL_GetLastXferSize
                0x00000000080085e0       0x26 ./USB_HOST/Target/usbh_conf.o
                0x00000000080085e0                USBH_LL_GetLastXferSize
 .text.USBH_LL_OpenPipe
                0x0000000008008606       0x5e ./USB_HOST/Target/usbh_conf.o
                0x0000000008008606                USBH_LL_OpenPipe
 .text.USBH_LL_ClosePipe
                0x0000000008008664       0x3e ./USB_HOST/Target/usbh_conf.o
                0x0000000008008664                USBH_LL_ClosePipe
 .text.USBH_LL_SubmitURB
                0x00000000080086a2       0x62 ./USB_HOST/Target/usbh_conf.o
                0x00000000080086a2                USBH_LL_SubmitURB
 .text.USBH_LL_GetURBState
                0x0000000008008704       0x26 ./USB_HOST/Target/usbh_conf.o
                0x0000000008008704                USBH_LL_GetURBState
 .text.USBH_LL_DriverVBUS
                0x000000000800872a       0x2e ./USB_HOST/Target/usbh_conf.o
                0x000000000800872a                USBH_LL_DriverVBUS
 .text.USBH_LL_SetToggle
                0x0000000008008758       0x60 ./USB_HOST/Target/usbh_conf.o
                0x0000000008008758                USBH_LL_SetToggle
 .text.USBH_Delay
                0x00000000080087b8       0x16 ./USB_HOST/Target/usbh_conf.o
                0x00000000080087b8                USBH_Delay
 *fill*         0x00000000080087ce        0x2 
 .text.USBH_Get_USB_Status
                0x00000000080087d0       0x58 ./USB_HOST/Target/usbh_conf.o
                0x00000000080087d0                USBH_Get_USB_Status
 .text.MX_DriverVbusFS
                0x0000000008008828       0x38 ./USB_HOST/Target/usbh_platform.o
                0x0000000008008828                MX_DriverVbusFS
 .text.__errno  0x0000000008008860        0xc /Applications/STM32CubeIDE.app/Contents/Eclipse/plugins/com.st.stm32cube.ide.mcu.externaltools.gnu-tools-for-stm32.10.3-2021.10.macos64_1.0.0.202111181127/tools/bin/../lib/gcc/arm-none-eabi/10.3.1/../../../../arm-none-eabi/lib/thumb/v7e-m+fp/hard/libc_nano.a(lib_a-errno.o)
                0x0000000008008860                __errno
 .text.__libc_init_array
                0x000000000800886c       0x48 /Applications/STM32CubeIDE.app/Contents/Eclipse/plugins/com.st.stm32cube.ide.mcu.externaltools.gnu-tools-for-stm32.10.3-2021.10.macos64_1.0.0.202111181127/tools/bin/../lib/gcc/arm-none-eabi/10.3.1/../../../../arm-none-eabi/lib/thumb/v7e-m+fp/hard/libc_nano.a(lib_a-init.o)
                0x000000000800886c                __libc_init_array
 .text.malloc   0x00000000080088b4       0x10 /Applications/STM32CubeIDE.app/Contents/Eclipse/plugins/com.st.stm32cube.ide.mcu.externaltools.gnu-tools-for-stm32.10.3-2021.10.macos64_1.0.0.202111181127/tools/bin/../lib/gcc/arm-none-eabi/10.3.1/../../../../arm-none-eabi/lib/thumb/v7e-m+fp/hard/libc_nano.a(lib_a-malloc.o)
                0x00000000080088b4                malloc
 .text.free     0x00000000080088c4       0x10 /Applications/STM32CubeIDE.app/Contents/Eclipse/plugins/com.st.stm32cube.ide.mcu.externaltools.gnu-tools-for-stm32.10.3-2021.10.macos64_1.0.0.202111181127/tools/bin/../lib/gcc/arm-none-eabi/10.3.1/../../../../arm-none-eabi/lib/thumb/v7e-m+fp/hard/libc_nano.a(lib_a-malloc.o)
                0x00000000080088c4                free
 .text.memset   0x00000000080088d4       0x10 /Applications/STM32CubeIDE.app/Contents/Eclipse/plugins/com.st.stm32cube.ide.mcu.externaltools.gnu-tools-for-stm32.10.3-2021.10.macos64_1.0.0.202111181127/tools/bin/../lib/gcc/arm-none-eabi/10.3.1/../../../../arm-none-eabi/lib/thumb/v7e-m+fp/hard/libc_nano.a(lib_a-memset.o)
                0x00000000080088d4                memset
 .text._free_r  0x00000000080088e4       0x98 /Applications/STM32CubeIDE.app/Contents/Eclipse/plugins/com.st.stm32cube.ide.mcu.externaltools.gnu-tools-for-stm32.10.3-2021.10.macos64_1.0.0.202111181127/tools/bin/../lib/gcc/arm-none-eabi/10.3.1/../../../../arm-none-eabi/lib/thumb/v7e-m+fp/hard/libc_nano.a(lib_a-nano-freer.o)
                0x00000000080088e4                _free_r
 .text.sbrk_aligned
                0x000000000800897c       0x40 /Applications/STM32CubeIDE.app/Contents/Eclipse/plugins/com.st.stm32cube.ide.mcu.externaltools.gnu-tools-for-stm32.10.3-2021.10.macos64_1.0.0.202111181127/tools/bin/../lib/gcc/arm-none-eabi/10.3.1/../../../../arm-none-eabi/lib/thumb/v7e-m+fp/hard/libc_nano.a(lib_a-nano-mallocr.o)
 .text._malloc_r
                0x00000000080089bc       0xe8 /Applications/STM32CubeIDE.app/Contents/Eclipse/plugins/com.st.stm32cube.ide.mcu.externaltools.gnu-tools-for-stm32.10.3-2021.10.macos64_1.0.0.202111181127/tools/bin/../lib/gcc/arm-none-eabi/10.3.1/../../../../arm-none-eabi/lib/thumb/v7e-m+fp/hard/libc_nano.a(lib_a-nano-mallocr.o)
                0x00000000080089bc                _malloc_r
 .text._sbrk_r  0x0000000008008aa4       0x20 /Applications/STM32CubeIDE.app/Contents/Eclipse/plugins/com.st.stm32cube.ide.mcu.externaltools.gnu-tools-for-stm32.10.3-2021.10.macos64_1.0.0.202111181127/tools/bin/../lib/gcc/arm-none-eabi/10.3.1/../../../../arm-none-eabi/lib/thumb/v7e-m+fp/hard/libc_nano.a(lib_a-sbrkr.o)
                0x0000000008008aa4                _sbrk_r
 .text.__malloc_lock
                0x0000000008008ac4        0xc /Applications/STM32CubeIDE.app/Contents/Eclipse/plugins/com.st.stm32cube.ide.mcu.externaltools.gnu-tools-for-stm32.10.3-2021.10.macos64_1.0.0.202111181127/tools/bin/../lib/gcc/arm-none-eabi/10.3.1/../../../../arm-none-eabi/lib/thumb/v7e-m+fp/hard/libc_nano.a(lib_a-mlock.o)
                0x0000000008008ac4                __malloc_lock
 .text.__malloc_unlock
                0x0000000008008ad0        0xc /Applications/STM32CubeIDE.app/Contents/Eclipse/plugins/com.st.stm32cube.ide.mcu.externaltools.gnu-tools-for-stm32.10.3-2021.10.macos64_1.0.0.202111181127/tools/bin/../lib/gcc/arm-none-eabi/10.3.1/../../../../arm-none-eabi/lib/thumb/v7e-m+fp/hard/libc_nano.a(lib_a-mlock.o)
                0x0000000008008ad0                __malloc_unlock
 .text.__retarget_lock_acquire_recursive
                0x0000000008008adc        0x2 /Applications/STM32CubeIDE.app/Contents/Eclipse/plugins/com.st.stm32cube.ide.mcu.externaltools.gnu-tools-for-stm32.10.3-2021.10.macos64_1.0.0.202111181127/tools/bin/../lib/gcc/arm-none-eabi/10.3.1/../../../../arm-none-eabi/lib/thumb/v7e-m+fp/hard/libc_nano.a(lib_a-lock.o)
                0x0000000008008adc                __retarget_lock_acquire_recursive
 .text.__retarget_lock_release_recursive
                0x0000000008008ade        0x2 /Applications/STM32CubeIDE.app/Contents/Eclipse/plugins/com.st.stm32cube.ide.mcu.externaltools.gnu-tools-for-stm32.10.3-2021.10.macos64_1.0.0.202111181127/tools/bin/../lib/gcc/arm-none-eabi/10.3.1/../../../../arm-none-eabi/lib/thumb/v7e-m+fp/hard/libc_nano.a(lib_a-lock.o)
                0x0000000008008ade                __retarget_lock_release_recursive
 *(.glue_7)
 .glue_7        0x0000000008008ae0        0x0 linker stubs
 *(.glue_7t)
 .glue_7t       0x0000000008008ae0        0x0 linker stubs
 *(.eh_frame)
 .eh_frame      0x0000000008008ae0        0x0 /Applications/STM32CubeIDE.app/Contents/Eclipse/plugins/com.st.stm32cube.ide.mcu.externaltools.gnu-tools-for-stm32.10.3-2021.10.macos64_1.0.0.202111181127/tools/bin/../lib/gcc/arm-none-eabi/10.3.1/thumb/v7e-m+fp/hard/crtbegin.o
 *(.init)
 .init          0x0000000008008ae0        0x4 /Applications/STM32CubeIDE.app/Contents/Eclipse/plugins/com.st.stm32cube.ide.mcu.externaltools.gnu-tools-for-stm32.10.3-2021.10.macos64_1.0.0.202111181127/tools/bin/../lib/gcc/arm-none-eabi/10.3.1/thumb/v7e-m+fp/hard/crti.o
                0x0000000008008ae0                _init
 .init          0x0000000008008ae4        0x8 /Applications/STM32CubeIDE.app/Contents/Eclipse/plugins/com.st.stm32cube.ide.mcu.externaltools.gnu-tools-for-stm32.10.3-2021.10.macos64_1.0.0.202111181127/tools/bin/../lib/gcc/arm-none-eabi/10.3.1/thumb/v7e-m+fp/hard/crtn.o
 *(.fini)
 .fini          0x0000000008008aec        0x4 /Applications/STM32CubeIDE.app/Contents/Eclipse/plugins/com.st.stm32cube.ide.mcu.externaltools.gnu-tools-for-stm32.10.3-2021.10.macos64_1.0.0.202111181127/tools/bin/../lib/gcc/arm-none-eabi/10.3.1/thumb/v7e-m+fp/hard/crti.o
                0x0000000008008aec                _fini
 .fini          0x0000000008008af0        0x8 /Applications/STM32CubeIDE.app/Contents/Eclipse/plugins/com.st.stm32cube.ide.mcu.externaltools.gnu-tools-for-stm32.10.3-2021.10.macos64_1.0.0.202111181127/tools/bin/../lib/gcc/arm-none-eabi/10.3.1/thumb/v7e-m+fp/hard/crtn.o
                0x0000000008008af8                . = ALIGN (0x4)
                0x0000000008008af8                _etext = .

.vfp11_veneer   0x0000000008008af8        0x0
 .vfp11_veneer  0x0000000008008af8        0x0 linker stubs

.v4_bx          0x0000000008008af8        0x0
 .v4_bx         0x0000000008008af8        0x0 linker stubs

.iplt           0x0000000008008af8        0x0
 .iplt          0x0000000008008af8        0x0 /Applications/STM32CubeIDE.app/Contents/Eclipse/plugins/com.st.stm32cube.ide.mcu.externaltools.gnu-tools-for-stm32.10.3-2021.10.macos64_1.0.0.202111181127/tools/bin/../lib/gcc/arm-none-eabi/10.3.1/thumb/v7e-m+fp/hard/crtbegin.o

.rodata         0x0000000008008af8      0x1f0
                0x0000000008008af8                . = ALIGN (0x4)
 *(.rodata)
 .rodata        0x0000000008008af8        0x8 ./Core/Src/main.o
 .rodata        0x0000000008008b00       0x3b ./Drivers/STM32F4xx_HAL_Driver/Src/stm32f4xx_hal_cortex.o
 *fill*         0x0000000008008b3b        0x1 
 .rodata        0x0000000008008b3c       0x39 ./Drivers/STM32F4xx_HAL_Driver/Src/stm32f4xx_hal_gpio.o
 *fill*         0x0000000008008b75        0x3 
 .rodata        0x0000000008008b78       0x38 ./Drivers/STM32F4xx_HAL_Driver/Src/stm32f4xx_hal_hcd.o
 .rodata        0x0000000008008bb0       0x38 ./Drivers/STM32F4xx_HAL_Driver/Src/stm32f4xx_hal_i2c.o
 .rodata        0x0000000008008be8       0x38 ./Drivers/STM32F4xx_HAL_Driver/Src/stm32f4xx_hal_i2s.o
 .rodata        0x0000000008008c20       0x38 ./Drivers/STM32F4xx_HAL_Driver/Src/stm32f4xx_hal_rcc.o
 .rodata        0x0000000008008c58       0x3b ./Drivers/STM32F4xx_HAL_Driver/Src/stm32f4xx_hal_rcc_ex.o
 *fill*         0x0000000008008c93        0x1 
 .rodata        0x0000000008008c94       0x38 ./Drivers/STM32F4xx_HAL_Driver/Src/stm32f4xx_hal_spi.o
 .rodata        0x0000000008008ccc        0x4 ./Middlewares/ST/STM32_USB_Host_Library/Class/CDC/Src/usbh_cdc.o
 *(.rodata*)
 .rodata.AHBPrescTable
                0x0000000008008cd0       0x10 ./Core/Src/system_stm32f4xx.o
                0x0000000008008cd0                AHBPrescTable
 .rodata.APBPrescTable
                0x0000000008008ce0        0x8 ./Core/Src/system_stm32f4xx.o
                0x0000000008008ce0                APBPrescTable
                0x0000000008008ce8                . = ALIGN (0x4)

.ARM.extab      0x0000000008008ce8        0x0
                0x0000000008008ce8                . = ALIGN (0x4)
 *(.ARM.extab* .gnu.linkonce.armextab.*)
                0x0000000008008ce8                . = ALIGN (0x4)

.ARM            0x0000000008008ce8        0x8
                0x0000000008008ce8                . = ALIGN (0x4)
                0x0000000008008ce8                __exidx_start = .
 *(.ARM.exidx*)
 .ARM.exidx     0x0000000008008ce8        0x8 /Applications/STM32CubeIDE.app/Contents/Eclipse/plugins/com.st.stm32cube.ide.mcu.externaltools.gnu-tools-for-stm32.10.3-2021.10.macos64_1.0.0.202111181127/tools/bin/../lib/gcc/arm-none-eabi/10.3.1/thumb/v7e-m+fp/hard/libgcc.a(_udivmoddi4.o)
                0x0000000008008cf0                __exidx_end = .
                0x0000000008008cf0                . = ALIGN (0x4)

.rel.dyn        0x0000000008008cf0        0x0
 .rel.iplt      0x0000000008008cf0        0x0 /Applications/STM32CubeIDE.app/Contents/Eclipse/plugins/com.st.stm32cube.ide.mcu.externaltools.gnu-tools-for-stm32.10.3-2021.10.macos64_1.0.0.202111181127/tools/bin/../lib/gcc/arm-none-eabi/10.3.1/thumb/v7e-m+fp/hard/crtbegin.o

.preinit_array  0x0000000008008cf0        0x0
                0x0000000008008cf0                . = ALIGN (0x4)
                0x0000000008008cf0                PROVIDE (__preinit_array_start = .)
 *(.preinit_array*)
                0x0000000008008cf0                PROVIDE (__preinit_array_end = .)
                0x0000000008008cf0                . = ALIGN (0x4)

.init_array     0x0000000008008cf0        0x4
                0x0000000008008cf0                . = ALIGN (0x4)
                0x0000000008008cf0                PROVIDE (__init_array_start = .)
 *(SORT_BY_NAME(.init_array.*))
 *(.init_array*)
 .init_array    0x0000000008008cf0        0x4 /Applications/STM32CubeIDE.app/Contents/Eclipse/plugins/com.st.stm32cube.ide.mcu.externaltools.gnu-tools-for-stm32.10.3-2021.10.macos64_1.0.0.202111181127/tools/bin/../lib/gcc/arm-none-eabi/10.3.1/thumb/v7e-m+fp/hard/crtbegin.o
                0x0000000008008cf4                PROVIDE (__init_array_end = .)
                0x0000000008008cf4                . = ALIGN (0x4)

.fini_array     0x0000000008008cf4        0x4
                0x0000000008008cf4                . = ALIGN (0x4)
                [!provide]                        PROVIDE (__fini_array_start = .)
 *(SORT_BY_NAME(.fini_array.*))
 *(.fini_array*)
 .fini_array    0x0000000008008cf4        0x4 /Applications/STM32CubeIDE.app/Contents/Eclipse/plugins/com.st.stm32cube.ide.mcu.externaltools.gnu-tools-for-stm32.10.3-2021.10.macos64_1.0.0.202111181127/tools/bin/../lib/gcc/arm-none-eabi/10.3.1/thumb/v7e-m+fp/hard/crtbegin.o
                [!provide]                        PROVIDE (__fini_array_end = .)
                0x0000000008008cf8                . = ALIGN (0x4)
                0x0000000008008cf8                _sidata = LOADADDR (.data)

.data           0x0000000020000000       0x90 load address 0x0000000008008cf8
                0x0000000020000000                . = ALIGN (0x4)
                0x0000000020000000                _sdata = .
 *(.data)
 *(.data*)
 .data.SystemCoreClock
                0x0000000020000000        0x4 ./Core/Src/system_stm32f4xx.o
                0x0000000020000000                SystemCoreClock
 .data.uwTickPrio
                0x0000000020000004        0x4 ./Drivers/STM32F4xx_HAL_Driver/Src/stm32f4xx_hal.o
                0x0000000020000004                uwTickPrio
 .data.uwTickFreq
                0x0000000020000008        0x1 ./Drivers/STM32F4xx_HAL_Driver/Src/stm32f4xx_hal.o
                0x0000000020000008                uwTickFreq
 *fill*         0x0000000020000009        0x3 
 .data.CDC_Class
                0x000000002000000c       0x20 ./Middlewares/ST/STM32_USB_Host_Library/Class/CDC/Src/usbh_cdc.o
                0x000000002000000c                CDC_Class
 .data._impure_ptr
                0x000000002000002c        0x4 /Applications/STM32CubeIDE.app/Contents/Eclipse/plugins/com.st.stm32cube.ide.mcu.externaltools.gnu-tools-for-stm32.10.3-2021.10.macos64_1.0.0.202111181127/tools/bin/../lib/gcc/arm-none-eabi/10.3.1/../../../../arm-none-eabi/lib/thumb/v7e-m+fp/hard/libc_nano.a(lib_a-impure.o)
                0x000000002000002c                _impure_ptr
 .data.impure_data
                0x0000000020000030       0x60 /Applications/STM32CubeIDE.app/Contents/Eclipse/plugins/com.st.stm32cube.ide.mcu.externaltools.gnu-tools-for-stm32.10.3-2021.10.macos64_1.0.0.202111181127/tools/bin/../lib/gcc/arm-none-eabi/10.3.1/../../../../arm-none-eabi/lib/thumb/v7e-m+fp/hard/libc_nano.a(lib_a-impure.o)
 *(.RamFunc)
 *(.RamFunc*)
                0x0000000020000090                . = ALIGN (0x4)
                0x0000000020000090                _edata = .

.igot.plt       0x0000000020000090        0x0 load address 0x0000000008008d88
 .igot.plt      0x0000000020000090        0x0 /Applications/STM32CubeIDE.app/Contents/Eclipse/plugins/com.st.stm32cube.ide.mcu.externaltools.gnu-tools-for-stm32.10.3-2021.10.macos64_1.0.0.202111181127/tools/bin/../lib/gcc/arm-none-eabi/10.3.1/thumb/v7e-m+fp/hard/crtbegin.o
                0x0000000020000090                . = ALIGN (0x4)

.bss            0x0000000020000090      0x850 load address 0x0000000008008d88
                0x0000000020000090                _sbss = .
                0x0000000020000090                __bss_start__ = _sbss
 *(.bss)
 .bss           0x0000000020000090       0x1c /Applications/STM32CubeIDE.app/Contents/Eclipse/plugins/com.st.stm32cube.ide.mcu.externaltools.gnu-tools-for-stm32.10.3-2021.10.macos64_1.0.0.202111181127/tools/bin/../lib/gcc/arm-none-eabi/10.3.1/thumb/v7e-m+fp/hard/crtbegin.o
 *(.bss*)
 .bss.hi2c1     0x00000000200000ac       0x54 ./Core/Src/i2c.o
                0x00000000200000ac                hi2c1
 .bss.hi2s2     0x0000000020000100       0x48 ./Core/Src/i2s.o
                0x0000000020000100                hi2s2
 .bss.hi2s3     0x0000000020000148       0x48 ./Core/Src/i2s.o
                0x0000000020000148                hi2s3
 .bss.hspi1     0x0000000020000190       0x58 ./Core/Src/spi.o
                0x0000000020000190                hspi1
 .bss.__sbrk_heap_end
                0x00000000200001e8        0x4 ./Core/Src/sysmem.o
 .bss.uwTick    0x00000000200001ec        0x4 ./Drivers/STM32F4xx_HAL_Driver/Src/stm32f4xx_hal.o
                0x00000000200001ec                uwTick
 .bss.hUsbHostFS
                0x00000000200001f0      0x3d8 ./USB_HOST/App/usb_host.o
                0x00000000200001f0                hUsbHostFS
 .bss.Appli_state
                0x00000000200005c8        0x1 ./USB_HOST/App/usb_host.o
                0x00000000200005c8                Appli_state
 *fill*         0x00000000200005c9        0x3 
 .bss.hhcd_USB_OTG_FS
                0x00000000200005cc      0x304 ./USB_HOST/Target/usbh_conf.o
                0x00000000200005cc                hhcd_USB_OTG_FS
 .bss.__malloc_free_list
                0x00000000200008d0        0x4 /Applications/STM32CubeIDE.app/Contents/Eclipse/plugins/com.st.stm32cube.ide.mcu.externaltools.gnu-tools-for-stm32.10.3-2021.10.macos64_1.0.0.202111181127/tools/bin/../lib/gcc/arm-none-eabi/10.3.1/../../../../arm-none-eabi/lib/thumb/v7e-m+fp/hard/libc_nano.a(lib_a-nano-mallocr.o)
                0x00000000200008d0                __malloc_free_list
 .bss.__malloc_sbrk_start
                0x00000000200008d4        0x4 /Applications/STM32CubeIDE.app/Contents/Eclipse/plugins/com.st.stm32cube.ide.mcu.externaltools.gnu-tools-for-stm32.10.3-2021.10.macos64_1.0.0.202111181127/tools/bin/../lib/gcc/arm-none-eabi/10.3.1/../../../../arm-none-eabi/lib/thumb/v7e-m+fp/hard/libc_nano.a(lib_a-nano-mallocr.o)
                0x00000000200008d4                __malloc_sbrk_start
 .bss.errno     0x00000000200008d8        0x4 /Applications/STM32CubeIDE.app/Contents/Eclipse/plugins/com.st.stm32cube.ide.mcu.externaltools.gnu-tools-for-stm32.10.3-2021.10.macos64_1.0.0.202111181127/tools/bin/../lib/gcc/arm-none-eabi/10.3.1/../../../../arm-none-eabi/lib/thumb/v7e-m+fp/hard/libc_nano.a(lib_a-reent.o)
                0x00000000200008d8                errno
 .bss.__lock___malloc_recursive_mutex
                0x00000000200008dc        0x1 /Applications/STM32CubeIDE.app/Contents/Eclipse/plugins/com.st.stm32cube.ide.mcu.externaltools.gnu-tools-for-stm32.10.3-2021.10.macos64_1.0.0.202111181127/tools/bin/../lib/gcc/arm-none-eabi/10.3.1/../../../../arm-none-eabi/lib/thumb/v7e-m+fp/hard/libc_nano.a(lib_a-lock.o)
                0x00000000200008dc                __lock___malloc_recursive_mutex
 *(COMMON)
                0x00000000200008e0                . = ALIGN (0x4)
 *fill*         0x00000000200008dd        0x3 
                0x00000000200008e0                _ebss = .
                0x00000000200008e0                __bss_end__ = _ebss

._user_heap_stack
                0x00000000200008e0      0x600 load address 0x0000000008008d88
                0x00000000200008e0                . = ALIGN (0x8)
                [!provide]                        PROVIDE (end = .)
                0x00000000200008e0                PROVIDE (_end = .)
                0x0000000020000ae0                . = (. + _Min_Heap_Size)
 *fill*         0x00000000200008e0      0x200 
                0x0000000020000ee0                . = (. + _Min_Stack_Size)
 *fill*         0x0000000020000ae0      0x400 
                0x0000000020000ee0                . = ALIGN (0x8)

/DISCARD/
 libc.a(*)
 libm.a(*)
 libgcc.a(*)

.ARM.attributes
                0x0000000000000000       0x30
 *(.ARM.attributes)
 .ARM.attributes
                0x0000000000000000       0x1e /Applications/STM32CubeIDE.app/Contents/Eclipse/plugins/com.st.stm32cube.ide.mcu.externaltools.gnu-tools-for-stm32.10.3-2021.10.macos64_1.0.0.202111181127/tools/bin/../lib/gcc/arm-none-eabi/10.3.1/thumb/v7e-m+fp/hard/crti.o
 .ARM.attributes
                0x000000000000001e       0x34 /Applications/STM32CubeIDE.app/Contents/Eclipse/plugins/com.st.stm32cube.ide.mcu.externaltools.gnu-tools-for-stm32.10.3-2021.10.macos64_1.0.0.202111181127/tools/bin/../lib/gcc/arm-none-eabi/10.3.1/thumb/v7e-m+fp/hard/crtbegin.o
 .ARM.attributes
                0x0000000000000052       0x34 ./Core/Src/gpio.o
 .ARM.attributes
                0x0000000000000086       0x34 ./Core/Src/i2c.o
 .ARM.attributes
                0x00000000000000ba       0x34 ./Core/Src/i2s.o
 .ARM.attributes
                0x00000000000000ee       0x34 ./Core/Src/main.o
 .ARM.attributes
                0x0000000000000122       0x34 ./Core/Src/spi.o
 .ARM.attributes
                0x0000000000000156       0x34 ./Core/Src/stm32f4xx_hal_msp.o
 .ARM.attributes
                0x000000000000018a       0x34 ./Core/Src/stm32f4xx_it.o
 .ARM.attributes
                0x00000000000001be       0x34 ./Core/Src/sysmem.o
 .ARM.attributes
                0x00000000000001f2       0x34 ./Core/Src/system_stm32f4xx.o
 .ARM.attributes
                0x0000000000000226       0x21 ./Core/Startup/startup_stm32f411vetx.o
 .ARM.attributes
                0x0000000000000247       0x34 ./Drivers/STM32F4xx_HAL_Driver/Src/stm32f4xx_hal.o
 .ARM.attributes
                0x000000000000027b       0x34 ./Drivers/STM32F4xx_HAL_Driver/Src/stm32f4xx_hal_cortex.o
 .ARM.attributes
                0x00000000000002af       0x34 ./Drivers/STM32F4xx_HAL_Driver/Src/stm32f4xx_hal_gpio.o
 .ARM.attributes
                0x00000000000002e3       0x34 ./Drivers/STM32F4xx_HAL_Driver/Src/stm32f4xx_hal_hcd.o
 .ARM.attributes
                0x0000000000000317       0x34 ./Drivers/STM32F4xx_HAL_Driver/Src/stm32f4xx_hal_i2c.o
 .ARM.attributes
                0x000000000000034b       0x34 ./Drivers/STM32F4xx_HAL_Driver/Src/stm32f4xx_hal_i2s.o
 .ARM.attributes
                0x000000000000037f       0x34 ./Drivers/STM32F4xx_HAL_Driver/Src/stm32f4xx_hal_i2s_ex.o
 .ARM.attributes
                0x00000000000003b3       0x34 ./Drivers/STM32F4xx_HAL_Driver/Src/stm32f4xx_hal_rcc.o
 .ARM.attributes
                0x00000000000003e7       0x34 ./Drivers/STM32F4xx_HAL_Driver/Src/stm32f4xx_hal_rcc_ex.o
 .ARM.attributes
                0x000000000000041b       0x34 ./Drivers/STM32F4xx_HAL_Driver/Src/stm32f4xx_hal_spi.o
 .ARM.attributes
                0x000000000000044f       0x34 ./Drivers/STM32F4xx_HAL_Driver/Src/stm32f4xx_ll_usb.o
 .ARM.attributes
                0x0000000000000483       0x34 ./Middlewares/ST/STM32_USB_Host_Library/Class/CDC/Src/usbh_cdc.o
 .ARM.attributes
                0x00000000000004b7       0x34 ./Middlewares/ST/STM32_USB_Host_Library/Core/Src/usbh_core.o
 .ARM.attributes
                0x00000000000004eb       0x34 ./Middlewares/ST/STM32_USB_Host_Library/Core/Src/usbh_ctlreq.o
 .ARM.attributes
                0x000000000000051f       0x34 ./Middlewares/ST/STM32_USB_Host_Library/Core/Src/usbh_ioreq.o
 .ARM.attributes
                0x0000000000000553       0x34 ./Middlewares/ST/STM32_USB_Host_Library/Core/Src/usbh_pipes.o
 .ARM.attributes
                0x0000000000000587       0x34 ./USB_HOST/App/usb_host.o
 .ARM.attributes
                0x00000000000005bb       0x34 ./USB_HOST/Target/usbh_conf.o
 .ARM.attributes
                0x00000000000005ef       0x34 ./USB_HOST/Target/usbh_platform.o
 .ARM.attributes
                0x0000000000000623       0x34 /Applications/STM32CubeIDE.app/Contents/Eclipse/plugins/com.st.stm32cube.ide.mcu.externaltools.gnu-tools-for-stm32.10.3-2021.10.macos64_1.0.0.202111181127/tools/bin/../lib/gcc/arm-none-eabi/10.3.1/../../../../arm-none-eabi/lib/thumb/v7e-m+fp/hard/libc_nano.a(lib_a-errno.o)
 .ARM.attributes
                0x0000000000000657       0x34 /Applications/STM32CubeIDE.app/Contents/Eclipse/plugins/com.st.stm32cube.ide.mcu.externaltools.gnu-tools-for-stm32.10.3-2021.10.macos64_1.0.0.202111181127/tools/bin/../lib/gcc/arm-none-eabi/10.3.1/../../../../arm-none-eabi/lib/thumb/v7e-m+fp/hard/libc_nano.a(lib_a-impure.o)
 .ARM.attributes
                0x000000000000068b       0x34 /Applications/STM32CubeIDE.app/Contents/Eclipse/plugins/com.st.stm32cube.ide.mcu.externaltools.gnu-tools-for-stm32.10.3-2021.10.macos64_1.0.0.202111181127/tools/bin/../lib/gcc/arm-none-eabi/10.3.1/../../../../arm-none-eabi/lib/thumb/v7e-m+fp/hard/libc_nano.a(lib_a-init.o)
 .ARM.attributes
                0x00000000000006bf       0x34 /Applications/STM32CubeIDE.app/Contents/Eclipse/plugins/com.st.stm32cube.ide.mcu.externaltools.gnu-tools-for-stm32.10.3-2021.10.macos64_1.0.0.202111181127/tools/bin/../lib/gcc/arm-none-eabi/10.3.1/../../../../arm-none-eabi/lib/thumb/v7e-m+fp/hard/libc_nano.a(lib_a-malloc.o)
 .ARM.attributes
                0x00000000000006f3       0x34 /Applications/STM32CubeIDE.app/Contents/Eclipse/plugins/com.st.stm32cube.ide.mcu.externaltools.gnu-tools-for-stm32.10.3-2021.10.macos64_1.0.0.202111181127/tools/bin/../lib/gcc/arm-none-eabi/10.3.1/../../../../arm-none-eabi/lib/thumb/v7e-m+fp/hard/libc_nano.a(lib_a-memset.o)
 .ARM.attributes
                0x0000000000000727       0x34 /Applications/STM32CubeIDE.app/Contents/Eclipse/plugins/com.st.stm32cube.ide.mcu.externaltools.gnu-tools-for-stm32.10.3-2021.10.macos64_1.0.0.202111181127/tools/bin/../lib/gcc/arm-none-eabi/10.3.1/../../../../arm-none-eabi/lib/thumb/v7e-m+fp/hard/libc_nano.a(lib_a-nano-freer.o)
 .ARM.attributes
                0x000000000000075b       0x34 /Applications/STM32CubeIDE.app/Contents/Eclipse/plugins/com.st.stm32cube.ide.mcu.externaltools.gnu-tools-for-stm32.10.3-2021.10.macos64_1.0.0.202111181127/tools/bin/../lib/gcc/arm-none-eabi/10.3.1/../../../../arm-none-eabi/lib/thumb/v7e-m+fp/hard/libc_nano.a(lib_a-nano-mallocr.o)
 .ARM.attributes
                0x000000000000078f       0x34 /Applications/STM32CubeIDE.app/Contents/Eclipse/plugins/com.st.stm32cube.ide.mcu.externaltools.gnu-tools-for-stm32.10.3-2021.10.macos64_1.0.0.202111181127/tools/bin/../lib/gcc/arm-none-eabi/10.3.1/../../../../arm-none-eabi/lib/thumb/v7e-m+fp/hard/libc_nano.a(lib_a-sbrkr.o)
 .ARM.attributes
                0x00000000000007c3       0x34 /Applications/STM32CubeIDE.app/Contents/Eclipse/plugins/com.st.stm32cube.ide.mcu.externaltools.gnu-tools-for-stm32.10.3-2021.10.macos64_1.0.0.202111181127/tools/bin/../lib/gcc/arm-none-eabi/10.3.1/../../../../arm-none-eabi/lib/thumb/v7e-m+fp/hard/libc_nano.a(lib_a-mlock.o)
 .ARM.attributes
                0x00000000000007f7       0x34 /Applications/STM32CubeIDE.app/Contents/Eclipse/plugins/com.st.stm32cube.ide.mcu.externaltools.gnu-tools-for-stm32.10.3-2021.10.macos64_1.0.0.202111181127/tools/bin/../lib/gcc/arm-none-eabi/10.3.1/../../../../arm-none-eabi/lib/thumb/v7e-m+fp/hard/libc_nano.a(lib_a-reent.o)
 .ARM.attributes
                0x000000000000082b       0x34 /Applications/STM32CubeIDE.app/Contents/Eclipse/plugins/com.st.stm32cube.ide.mcu.externaltools.gnu-tools-for-stm32.10.3-2021.10.macos64_1.0.0.202111181127/tools/bin/../lib/gcc/arm-none-eabi/10.3.1/../../../../arm-none-eabi/lib/thumb/v7e-m+fp/hard/libc_nano.a(lib_a-lock.o)
 .ARM.attributes
                0x000000000000085f       0x1e /Applications/STM32CubeIDE.app/Contents/Eclipse/plugins/com.st.stm32cube.ide.mcu.externaltools.gnu-tools-for-stm32.10.3-2021.10.macos64_1.0.0.202111181127/tools/bin/../lib/gcc/arm-none-eabi/10.3.1/thumb/v7e-m+fp/hard/libgcc.a(_aeabi_uldivmod.o)
 .ARM.attributes
                0x000000000000087d       0x34 /Applications/STM32CubeIDE.app/Contents/Eclipse/plugins/com.st.stm32cube.ide.mcu.externaltools.gnu-tools-for-stm32.10.3-2021.10.macos64_1.0.0.202111181127/tools/bin/../lib/gcc/arm-none-eabi/10.3.1/thumb/v7e-m+fp/hard/libgcc.a(_udivmoddi4.o)
 .ARM.attributes
                0x00000000000008b1       0x1e /Applications/STM32CubeIDE.app/Contents/Eclipse/plugins/com.st.stm32cube.ide.mcu.externaltools.gnu-tools-for-stm32.10.3-2021.10.macos64_1.0.0.202111181127/tools/bin/../lib/gcc/arm-none-eabi/10.3.1/thumb/v7e-m+fp/hard/libgcc.a(_dvmd_tls.o)
 .ARM.attributes
                0x00000000000008cf       0x1e /Applications/STM32CubeIDE.app/Contents/Eclipse/plugins/com.st.stm32cube.ide.mcu.externaltools.gnu-tools-for-stm32.10.3-2021.10.macos64_1.0.0.202111181127/tools/bin/../lib/gcc/arm-none-eabi/10.3.1/thumb/v7e-m+fp/hard/crtn.o
OUTPUT(FirstLab.elf elf32-littlearm)
LOAD linker stubs
LOAD /Applications/STM32CubeIDE.app/Contents/Eclipse/plugins/com.st.stm32cube.ide.mcu.externaltools.gnu-tools-for-stm32.10.3-2021.10.macos64_1.0.0.202111181127/tools/bin/../lib/gcc/arm-none-eabi/10.3.1/../../../../arm-none-eabi/lib/thumb/v7e-m+fp/hard/libc.a
LOAD /Applications/STM32CubeIDE.app/Contents/Eclipse/plugins/com.st.stm32cube.ide.mcu.externaltools.gnu-tools-for-stm32.10.3-2021.10.macos64_1.0.0.202111181127/tools/bin/../lib/gcc/arm-none-eabi/10.3.1/../../../../arm-none-eabi/lib/thumb/v7e-m+fp/hard/libm.a
LOAD /Applications/STM32CubeIDE.app/Contents/Eclipse/plugins/com.st.stm32cube.ide.mcu.externaltools.gnu-tools-for-stm32.10.3-2021.10.macos64_1.0.0.202111181127/tools/bin/../lib/gcc/arm-none-eabi/10.3.1/thumb/v7e-m+fp/hard/libgcc.a

.debug_info     0x0000000000000000    0x1651f
 .debug_info    0x0000000000000000      0x4d7 ./Core/Src/gpio.o
 .debug_info    0x00000000000004d7      0xa40 ./Core/Src/i2c.o
 .debug_info    0x0000000000000f17      0xa80 ./Core/Src/i2s.o
 .debug_info    0x0000000000001997      0x80a ./Core/Src/main.o
 .debug_info    0x00000000000021a1      0xa0f ./Core/Src/spi.o
 .debug_info    0x0000000000002bb0      0x2e7 ./Core/Src/stm32f4xx_hal_msp.o
 .debug_info    0x0000000000002e97      0x675 ./Core/Src/stm32f4xx_it.o
 .debug_info    0x000000000000350c      0x171 ./Core/Src/sysmem.o
 .debug_info    0x000000000000367d      0x54f ./Core/Src/system_stm32f4xx.o
 .debug_info    0x0000000000003bcc       0x22 ./Core/Startup/startup_stm32f411vetx.o
 .debug_info    0x0000000000003bee      0x943 ./Drivers/STM32F4xx_HAL_Driver/Src/stm32f4xx_hal.o
 .debug_info    0x0000000000004531      0xdc1 ./Drivers/STM32F4xx_HAL_Driver/Src/stm32f4xx_hal_cortex.o
 .debug_info    0x00000000000052f2      0x7ac ./Drivers/STM32F4xx_HAL_Driver/Src/stm32f4xx_hal_gpio.o
 .debug_info    0x0000000000005a9e     0x10de ./Drivers/STM32F4xx_HAL_Driver/Src/stm32f4xx_hal_hcd.o
 .debug_info    0x0000000000006b7c     0x2627 ./Drivers/STM32F4xx_HAL_Driver/Src/stm32f4xx_hal_i2c.o
 .debug_info    0x00000000000091a3      0xee4 ./Drivers/STM32F4xx_HAL_Driver/Src/stm32f4xx_hal_i2s.o
 .debug_info    0x000000000000a087      0xb73 ./Drivers/STM32F4xx_HAL_Driver/Src/stm32f4xx_hal_i2s_ex.o
 .debug_info    0x000000000000abfa      0x9ab ./Drivers/STM32F4xx_HAL_Driver/Src/stm32f4xx_hal_rcc.o
 .debug_info    0x000000000000b5a5      0x5f7 ./Drivers/STM32F4xx_HAL_Driver/Src/stm32f4xx_hal_rcc_ex.o
 .debug_info    0x000000000000bb9c     0x1768 ./Drivers/STM32F4xx_HAL_Driver/Src/stm32f4xx_hal_spi.o
 .debug_info    0x000000000000d304     0x1a97 ./Drivers/STM32F4xx_HAL_Driver/Src/stm32f4xx_ll_usb.o
 .debug_info    0x000000000000ed9b     0x150d ./Middlewares/ST/STM32_USB_Host_Library/Class/CDC/Src/usbh_cdc.o
 .debug_info    0x00000000000102a8     0x1065 ./Middlewares/ST/STM32_USB_Host_Library/Core/Src/usbh_core.o
 .debug_info    0x000000000001130d     0x1083 ./Middlewares/ST/STM32_USB_Host_Library/Core/Src/usbh_ctlreq.o
 .debug_info    0x0000000000012390      0xcf6 ./Middlewares/ST/STM32_USB_Host_Library/Core/Src/usbh_ioreq.o
 .debug_info    0x0000000000013086      0xb34 ./Middlewares/ST/STM32_USB_Host_Library/Core/Src/usbh_pipes.o
 .debug_info    0x0000000000013bba      0xab3 ./USB_HOST/App/usb_host.o
 .debug_info    0x000000000001466d     0x1cc9 ./USB_HOST/Target/usbh_conf.o
 .debug_info    0x0000000000016336      0x1e9 ./USB_HOST/Target/usbh_platform.o

.debug_abbrev   0x0000000000000000     0x3d9d
 .debug_abbrev  0x0000000000000000      0x146 ./Core/Src/gpio.o
 .debug_abbrev  0x0000000000000146      0x1e0 ./Core/Src/i2c.o
 .debug_abbrev  0x0000000000000326      0x1e0 ./Core/Src/i2s.o
 .debug_abbrev  0x0000000000000506      0x21c ./Core/Src/main.o
 .debug_abbrev  0x0000000000000722      0x1e0 ./Core/Src/spi.o
 .debug_abbrev  0x0000000000000902       0xf0 ./Core/Src/stm32f4xx_hal_msp.o
 .debug_abbrev  0x00000000000009f2      0x199 ./Core/Src/stm32f4xx_it.o
 .debug_abbrev  0x0000000000000b8b       0xbb ./Core/Src/sysmem.o
 .debug_abbrev  0x0000000000000c46      0x116 ./Core/Src/system_stm32f4xx.o
 .debug_abbrev  0x0000000000000d5c       0x12 ./Core/Startup/startup_stm32f411vetx.o
 .debug_abbrev  0x0000000000000d6e      0x247 ./Drivers/STM32F4xx_HAL_Driver/Src/stm32f4xx_hal.o
 .debug_abbrev  0x0000000000000fb5      0x332 ./Drivers/STM32F4xx_HAL_Driver/Src/stm32f4xx_hal_cortex.o
 .debug_abbrev  0x00000000000012e7      0x1e0 ./Drivers/STM32F4xx_HAL_Driver/Src/stm32f4xx_hal_gpio.o
 .debug_abbrev  0x00000000000014c7      0x293 ./Drivers/STM32F4xx_HAL_Driver/Src/stm32f4xx_hal_hcd.o
 .debug_abbrev  0x000000000000175a      0x2bd ./Drivers/STM32F4xx_HAL_Driver/Src/stm32f4xx_hal_i2c.o
 .debug_abbrev  0x0000000000001a17      0x26d ./Drivers/STM32F4xx_HAL_Driver/Src/stm32f4xx_hal_i2s.o
 .debug_abbrev  0x0000000000001c84      0x289 ./Drivers/STM32F4xx_HAL_Driver/Src/stm32f4xx_hal_i2s_ex.o
 .debug_abbrev  0x0000000000001f0d      0x2bf ./Drivers/STM32F4xx_HAL_Driver/Src/stm32f4xx_hal_rcc.o
 .debug_abbrev  0x00000000000021cc      0x1d9 ./Drivers/STM32F4xx_HAL_Driver/Src/stm32f4xx_hal_rcc_ex.o
 .debug_abbrev  0x00000000000023a5      0x283 ./Drivers/STM32F4xx_HAL_Driver/Src/stm32f4xx_hal_spi.o
 .debug_abbrev  0x0000000000002628      0x296 ./Drivers/STM32F4xx_HAL_Driver/Src/stm32f4xx_ll_usb.o
 .debug_abbrev  0x00000000000028be      0x328 ./Middlewares/ST/STM32_USB_Host_Library/Class/CDC/Src/usbh_cdc.o
 .debug_abbrev  0x0000000000002be6      0x317 ./Middlewares/ST/STM32_USB_Host_Library/Core/Src/usbh_core.o
 .debug_abbrev  0x0000000000002efd      0x2e6 ./Middlewares/ST/STM32_USB_Host_Library/Core/Src/usbh_ctlreq.o
 .debug_abbrev  0x00000000000031e3      0x232 ./Middlewares/ST/STM32_USB_Host_Library/Core/Src/usbh_ioreq.o
 .debug_abbrev  0x0000000000003415      0x270 ./Middlewares/ST/STM32_USB_Host_Library/Core/Src/usbh_pipes.o
 .debug_abbrev  0x0000000000003685      0x25a ./USB_HOST/App/usb_host.o
 .debug_abbrev  0x00000000000038df      0x3ac ./USB_HOST/Target/usbh_conf.o
 .debug_abbrev  0x0000000000003c8b      0x112 ./USB_HOST/Target/usbh_platform.o

.debug_aranges  0x0000000000000000     0x1190
 .debug_aranges
                0x0000000000000000       0x20 ./Core/Src/gpio.o
 .debug_aranges
                0x0000000000000020       0x30 ./Core/Src/i2c.o
 .debug_aranges
                0x0000000000000050       0x38 ./Core/Src/i2s.o
 .debug_aranges
                0x0000000000000088       0x40 ./Core/Src/main.o
 .debug_aranges
                0x00000000000000c8       0x30 ./Core/Src/spi.o
 .debug_aranges
                0x00000000000000f8       0x20 ./Core/Src/stm32f4xx_hal_msp.o
 .debug_aranges
                0x0000000000000118       0x68 ./Core/Src/stm32f4xx_it.o
 .debug_aranges
                0x0000000000000180       0x20 ./Core/Src/sysmem.o
 .debug_aranges
                0x00000000000001a0       0x28 ./Core/Src/system_stm32f4xx.o
 .debug_aranges
                0x00000000000001c8       0x28 ./Core/Startup/startup_stm32f411vetx.o
 .debug_aranges
                0x00000000000001f0       0xf0 ./Drivers/STM32F4xx_HAL_Driver/Src/stm32f4xx_hal.o
 .debug_aranges
                0x00000000000002e0      0x118 ./Drivers/STM32F4xx_HAL_Driver/Src/stm32f4xx_hal_cortex.o
 .debug_aranges
                0x00000000000003f8       0x58 ./Drivers/STM32F4xx_HAL_Driver/Src/stm32f4xx_hal_gpio.o
 .debug_aranges
                0x0000000000000450       0xf8 ./Drivers/STM32F4xx_HAL_Driver/Src/stm32f4xx_hal_hcd.o
 .debug_aranges
                0x0000000000000548      0x2a0 ./Drivers/STM32F4xx_HAL_Driver/Src/stm32f4xx_hal_i2c.o
 .debug_aranges
                0x00000000000007e8      0x108 ./Drivers/STM32F4xx_HAL_Driver/Src/stm32f4xx_hal_i2s.o
 .debug_aranges
                0x00000000000008f0       0x88 ./Drivers/STM32F4xx_HAL_Driver/Src/stm32f4xx_hal_i2s_ex.o
 .debug_aranges
                0x0000000000000978       0x88 ./Drivers/STM32F4xx_HAL_Driver/Src/stm32f4xx_hal_rcc.o
 .debug_aranges
                0x0000000000000a00       0x50 ./Drivers/STM32F4xx_HAL_Driver/Src/stm32f4xx_hal_rcc_ex.o
 .debug_aranges
                0x0000000000000a50      0x1d0 ./Drivers/STM32F4xx_HAL_Driver/Src/stm32f4xx_hal_spi.o
 .debug_aranges
                0x0000000000000c20      0x1a0 ./Drivers/STM32F4xx_HAL_Driver/Src/stm32f4xx_ll_usb.o
 .debug_aranges
                0x0000000000000dc0       0xa8 ./Middlewares/ST/STM32_USB_Host_Library/Class/CDC/Src/usbh_cdc.o
 .debug_aranges
                0x0000000000000e68       0xc0 ./Middlewares/ST/STM32_USB_Host_Library/Core/Src/usbh_core.o
 .debug_aranges
                0x0000000000000f28       0xa0 ./Middlewares/ST/STM32_USB_Host_Library/Core/Src/usbh_ctlreq.o
 .debug_aranges
                0x0000000000000fc8       0x60 ./Middlewares/ST/STM32_USB_Host_Library/Core/Src/usbh_ioreq.o
 .debug_aranges
                0x0000000000001028       0x40 ./Middlewares/ST/STM32_USB_Host_Library/Core/Src/usbh_pipes.o
 .debug_aranges
                0x0000000000001068       0x30 ./USB_HOST/App/usb_host.o
 .debug_aranges
                0x0000000000001098       0xd8 ./USB_HOST/Target/usbh_conf.o
 .debug_aranges
                0x0000000000001170       0x20 ./USB_HOST/Target/usbh_platform.o

.debug_ranges   0x0000000000000000      0xfe0
 .debug_ranges  0x0000000000000000       0x10 ./Core/Src/gpio.o
 .debug_ranges  0x0000000000000010       0x20 ./Core/Src/i2c.o
 .debug_ranges  0x0000000000000030       0x28 ./Core/Src/i2s.o
 .debug_ranges  0x0000000000000058       0x30 ./Core/Src/main.o
 .debug_ranges  0x0000000000000088       0x20 ./Core/Src/spi.o
 .debug_ranges  0x00000000000000a8       0x10 ./Core/Src/stm32f4xx_hal_msp.o
 .debug_ranges  0x00000000000000b8       0x58 ./Core/Src/stm32f4xx_it.o
 .debug_ranges  0x0000000000000110       0x10 ./Core/Src/sysmem.o
 .debug_ranges  0x0000000000000120       0x18 ./Core/Src/system_stm32f4xx.o
 .debug_ranges  0x0000000000000138       0x20 ./Core/Startup/startup_stm32f411vetx.o
 .debug_ranges  0x0000000000000158       0xe0 ./Drivers/STM32F4xx_HAL_Driver/Src/stm32f4xx_hal.o
 .debug_ranges  0x0000000000000238      0x108 ./Drivers/STM32F4xx_HAL_Driver/Src/stm32f4xx_hal_cortex.o
 .debug_ranges  0x0000000000000340       0x48 ./Drivers/STM32F4xx_HAL_Driver/Src/stm32f4xx_hal_gpio.o
 .debug_ranges  0x0000000000000388       0xe8 ./Drivers/STM32F4xx_HAL_Driver/Src/stm32f4xx_hal_hcd.o
 .debug_ranges  0x0000000000000470      0x2a8 ./Drivers/STM32F4xx_HAL_Driver/Src/stm32f4xx_hal_i2c.o
 .debug_ranges  0x0000000000000718       0xf8 ./Drivers/STM32F4xx_HAL_Driver/Src/stm32f4xx_hal_i2s.o
 .debug_ranges  0x0000000000000810       0x78 ./Drivers/STM32F4xx_HAL_Driver/Src/stm32f4xx_hal_i2s_ex.o
 .debug_ranges  0x0000000000000888       0x78 ./Drivers/STM32F4xx_HAL_Driver/Src/stm32f4xx_hal_rcc.o
 .debug_ranges  0x0000000000000900       0x40 ./Drivers/STM32F4xx_HAL_Driver/Src/stm32f4xx_hal_rcc_ex.o
 .debug_ranges  0x0000000000000940      0x1c0 ./Drivers/STM32F4xx_HAL_Driver/Src/stm32f4xx_hal_spi.o
 .debug_ranges  0x0000000000000b00      0x190 ./Drivers/STM32F4xx_HAL_Driver/Src/stm32f4xx_ll_usb.o
 .debug_ranges  0x0000000000000c90       0x98 ./Middlewares/ST/STM32_USB_Host_Library/Class/CDC/Src/usbh_cdc.o
 .debug_ranges  0x0000000000000d28       0xb0 ./Middlewares/ST/STM32_USB_Host_Library/Core/Src/usbh_core.o
 .debug_ranges  0x0000000000000dd8       0x90 ./Middlewares/ST/STM32_USB_Host_Library/Core/Src/usbh_ctlreq.o
 .debug_ranges  0x0000000000000e68       0x50 ./Middlewares/ST/STM32_USB_Host_Library/Core/Src/usbh_ioreq.o
 .debug_ranges  0x0000000000000eb8       0x30 ./Middlewares/ST/STM32_USB_Host_Library/Core/Src/usbh_pipes.o
 .debug_ranges  0x0000000000000ee8       0x20 ./USB_HOST/App/usb_host.o
 .debug_ranges  0x0000000000000f08       0xc8 ./USB_HOST/Target/usbh_conf.o
 .debug_ranges  0x0000000000000fd0       0x10 ./USB_HOST/Target/usbh_platform.o

.debug_macro    0x0000000000000000    0x19521
 .debug_macro   0x0000000000000000      0x21e ./Core/Src/gpio.o
 .debug_macro   0x000000000000021e      0xa78 ./Core/Src/gpio.o
 .debug_macro   0x0000000000000c96      0x2ae ./Core/Src/gpio.o
 .debug_macro   0x0000000000000f44       0x2e ./Core/Src/gpio.o
 .debug_macro   0x0000000000000f72       0x28 ./Core/Src/gpio.o
 .debug_macro   0x0000000000000f9a       0x22 ./Core/Src/gpio.o
 .debug_macro   0x0000000000000fbc       0x8e ./Core/Src/gpio.o
 .debug_macro   0x000000000000104a       0x51 ./Core/Src/gpio.o
 .debug_macro   0x000000000000109b      0x103 ./Core/Src/gpio.o
 .debug_macro   0x000000000000119e       0x6a ./Core/Src/gpio.o
 .debug_macro   0x0000000000001208      0x1df ./Core/Src/gpio.o
 .debug_macro   0x00000000000013e7       0x1c ./Core/Src/gpio.o
 .debug_macro   0x0000000000001403       0x22 ./Core/Src/gpio.o
 .debug_macro   0x0000000000001425       0xd9 ./Core/Src/gpio.o
 .debug_macro   0x00000000000014fe     0x102d ./Core/Src/gpio.o
 .debug_macro   0x000000000000252b      0x11f ./Core/Src/gpio.o
 .debug_macro   0x000000000000264a     0xb953 ./Core/Src/gpio.o
 .debug_macro   0x000000000000df9d       0x6d ./Core/Src/gpio.o
 .debug_macro   0x000000000000e00a     0x367e ./Core/Src/gpio.o
 .debug_macro   0x0000000000011688      0x174 ./Core/Src/gpio.o
 .debug_macro   0x00000000000117fc       0x5c ./Core/Src/gpio.o
 .debug_macro   0x0000000000011858      0x447 ./Core/Src/gpio.o
 .debug_macro   0x0000000000011c9f      0x9fe ./Core/Src/gpio.o
 .debug_macro   0x000000000001269d      0x115 ./Core/Src/gpio.o
 .debug_macro   0x00000000000127b2      0x11b ./Core/Src/gpio.o
 .debug_macro   0x00000000000128cd       0xa5 ./Core/Src/gpio.o
 .debug_macro   0x0000000000012972      0x15f ./Core/Src/gpio.o
 .debug_macro   0x0000000000012ad1      0x287 ./Core/Src/gpio.o
 .debug_macro   0x0000000000012d58       0x5f ./Core/Src/gpio.o
 .debug_macro   0x0000000000012db7      0x236 ./Core/Src/gpio.o
 .debug_macro   0x0000000000012fed      0x132 ./Core/Src/gpio.o
 .debug_macro   0x000000000001311f      0x264 ./Core/Src/gpio.o
 .debug_macro   0x0000000000013383       0x2e ./Core/Src/gpio.o
 .debug_macro   0x00000000000133b1      0x1b5 ./Core/Src/gpio.o
 .debug_macro   0x0000000000013566       0x22 ./Core/Src/gpio.o
 .debug_macro   0x0000000000013588       0xd6 ./Core/Src/gpio.o
 .debug_macro   0x000000000001365e      0x1a7 ./Core/Src/gpio.o
 .debug_macro   0x0000000000013805       0x46 ./Core/Src/gpio.o
 .debug_macro   0x000000000001384b       0x4a ./Core/Src/gpio.o
 .debug_macro   0x0000000000013895      0x11a ./Core/Src/gpio.o
 .debug_macro   0x00000000000139af       0x85 ./Core/Src/gpio.o
 .debug_macro   0x0000000000013a34       0x89 ./Core/Src/gpio.o
 .debug_macro   0x0000000000013abd      0x225 ./Core/Src/gpio.o
 .debug_macro   0x0000000000013ce2      0x248 ./Core/Src/gpio.o
 .debug_macro   0x0000000000013f2a       0x7c ./Core/Src/gpio.o
 .debug_macro   0x0000000000013fa6      0x126 ./Core/Src/gpio.o
 .debug_macro   0x00000000000140cc      0x19c ./Core/Src/gpio.o
 .debug_macro   0x0000000000014268      0x21e ./Core/Src/i2c.o
 .debug_macro   0x0000000000014486      0x21e ./Core/Src/i2s.o
 .debug_macro   0x00000000000146a4      0x24a ./Core/Src/main.o
 .debug_macro   0x00000000000148ee      0x21e ./Core/Src/spi.o
 .debug_macro   0x0000000000014b0c      0x214 ./Core/Src/stm32f4xx_hal_msp.o
 .debug_macro   0x0000000000014d20      0x21e ./Core/Src/stm32f4xx_it.o
 .debug_macro   0x0000000000014f3e       0xff ./Core/Src/sysmem.o
 .debug_macro   0x000000000001503d      0x23b ./Core/Src/sysmem.o
 .debug_macro   0x0000000000015278      0x205 ./Core/Src/system_stm32f4xx.o
 .debug_macro   0x000000000001547d      0x265 ./Drivers/STM32F4xx_HAL_Driver/Src/stm32f4xx_hal.o
 .debug_macro   0x00000000000156e2      0x205 ./Drivers/STM32F4xx_HAL_Driver/Src/stm32f4xx_hal_cortex.o
 .debug_macro   0x00000000000158e7      0x20b ./Drivers/STM32F4xx_HAL_Driver/Src/stm32f4xx_hal_gpio.o
 .debug_macro   0x0000000000015af2      0x205 ./Drivers/STM32F4xx_HAL_Driver/Src/stm32f4xx_hal_hcd.o
 .debug_macro   0x0000000000015cf7      0x24c ./Drivers/STM32F4xx_HAL_Driver/Src/stm32f4xx_hal_i2c.o
 .debug_macro   0x0000000000015f43      0x20d ./Drivers/STM32F4xx_HAL_Driver/Src/stm32f4xx_hal_i2s.o
 .debug_macro   0x0000000000016150      0x205 ./Drivers/STM32F4xx_HAL_Driver/Src/stm32f4xx_hal_i2s_ex.o
 .debug_macro   0x0000000000016355      0x229 ./Drivers/STM32F4xx_HAL_Driver/Src/stm32f4xx_hal_rcc.o
 .debug_macro   0x000000000001657e      0x205 ./Drivers/STM32F4xx_HAL_Driver/Src/stm32f4xx_hal_rcc_ex.o
 .debug_macro   0x0000000000016783      0x214 ./Drivers/STM32F4xx_HAL_Driver/Src/stm32f4xx_hal_spi.o
 .debug_macro   0x0000000000016997      0x205 ./Drivers/STM32F4xx_HAL_Driver/Src/stm32f4xx_ll_usb.o
 .debug_macro   0x0000000000016b9c      0x433 ./Middlewares/ST/STM32_USB_Host_Library/Class/CDC/Src/usbh_cdc.o
 .debug_macro   0x0000000000016fcf       0x16 ./Middlewares/ST/STM32_USB_Host_Library/Class/CDC/Src/usbh_cdc.o
 .debug_macro   0x0000000000016fe5       0x97 ./Middlewares/ST/STM32_USB_Host_Library/Class/CDC/Src/usbh_cdc.o
 .debug_macro   0x000000000001707c       0xfd ./Middlewares/ST/STM32_USB_Host_Library/Class/CDC/Src/usbh_cdc.o
 .debug_macro   0x0000000000017179       0x16 ./Middlewares/ST/STM32_USB_Host_Library/Class/CDC/Src/usbh_cdc.o
 .debug_macro   0x000000000001718f       0x20 ./Middlewares/ST/STM32_USB_Host_Library/Class/CDC/Src/usbh_cdc.o
 .debug_macro   0x00000000000171af       0x56 ./Middlewares/ST/STM32_USB_Host_Library/Class/CDC/Src/usbh_cdc.o
 .debug_macro   0x0000000000017205       0x73 ./Middlewares/ST/STM32_USB_Host_Library/Class/CDC/Src/usbh_cdc.o
 .debug_macro   0x0000000000017278      0x233 ./Middlewares/ST/STM32_USB_Host_Library/Class/CDC/Src/usbh_cdc.o
 .debug_macro   0x00000000000174ab       0x2e ./Middlewares/ST/STM32_USB_Host_Library/Class/CDC/Src/usbh_cdc.o
 .debug_macro   0x00000000000174d9       0x2e ./Middlewares/ST/STM32_USB_Host_Library/Class/CDC/Src/usbh_cdc.o
 .debug_macro   0x0000000000017507       0x28 ./Middlewares/ST/STM32_USB_Host_Library/Class/CDC/Src/usbh_cdc.o
 .debug_macro   0x000000000001752f      0x15c ./Middlewares/ST/STM32_USB_Host_Library/Class/CDC/Src/usbh_cdc.o
 .debug_macro   0x000000000001768b      0x430 ./Middlewares/ST/STM32_USB_Host_Library/Core/Src/usbh_core.o
 .debug_macro   0x0000000000017abb      0x428 ./Middlewares/ST/STM32_USB_Host_Library/Core/Src/usbh_ctlreq.o
 .debug_macro   0x0000000000017ee3       0x28 ./Middlewares/ST/STM32_USB_Host_Library/Core/Src/usbh_ctlreq.o
 .debug_macro   0x0000000000017f0b      0x422 ./Middlewares/ST/STM32_USB_Host_Library/Core/Src/usbh_ioreq.o
 .debug_macro   0x000000000001832d      0x422 ./Middlewares/ST/STM32_USB_Host_Library/Core/Src/usbh_pipes.o
 .debug_macro   0x000000000001874f      0x431 ./USB_HOST/App/usb_host.o
 .debug_macro   0x0000000000018b80       0x52 ./USB_HOST/App/usb_host.o
 .debug_macro   0x0000000000018bd2      0x1a2 ./USB_HOST/App/usb_host.o
 .debug_macro   0x0000000000018d74      0x162 ./USB_HOST/App/usb_host.o
 .debug_macro   0x0000000000018ed6      0x432 ./USB_HOST/Target/usbh_conf.o
 .debug_macro   0x0000000000019308      0x219 ./USB_HOST/Target/usbh_platform.o

.debug_line     0x0000000000000000    0x19e27
 .debug_line    0x0000000000000000      0x79a ./Core/Src/gpio.o
 .debug_line    0x000000000000079a      0x7ae ./Core/Src/i2c.o
 .debug_line    0x0000000000000f48      0x848 ./Core/Src/i2s.o
 .debug_line    0x0000000000001790      0x85b ./Core/Src/main.o
 .debug_line    0x0000000000001feb      0x7b6 ./Core/Src/spi.o
 .debug_line    0x00000000000027a1      0x745 ./Core/Src/stm32f4xx_hal_msp.o
 .debug_line    0x0000000000002ee6      0x81f ./Core/Src/stm32f4xx_it.o
 .debug_line    0x0000000000003705      0x521 ./Core/Src/sysmem.o
 .debug_line    0x0000000000003c26      0x7c6 ./Core/Src/system_stm32f4xx.o
 .debug_line    0x00000000000043ec       0x88 ./Core/Startup/startup_stm32f411vetx.o
 .debug_line    0x0000000000004474      0xa40 ./Drivers/STM32F4xx_HAL_Driver/Src/stm32f4xx_hal.o
 .debug_line    0x0000000000004eb4      0xea0 ./Drivers/STM32F4xx_HAL_Driver/Src/stm32f4xx_hal_cortex.o
 .debug_line    0x0000000000005d54      0xd03 ./Drivers/STM32F4xx_HAL_Driver/Src/stm32f4xx_hal_gpio.o
 .debug_line    0x0000000000006a57     0x1233 ./Drivers/STM32F4xx_HAL_Driver/Src/stm32f4xx_hal_hcd.o
 .debug_line    0x0000000000007c8a     0x3c28 ./Drivers/STM32F4xx_HAL_Driver/Src/stm32f4xx_hal_i2c.o
 .debug_line    0x000000000000b8b2     0x1490 ./Drivers/STM32F4xx_HAL_Driver/Src/stm32f4xx_hal_i2s.o
 .debug_line    0x000000000000cd42     0x14c4 ./Drivers/STM32F4xx_HAL_Driver/Src/stm32f4xx_hal_i2s_ex.o
 .debug_line    0x000000000000e206      0xf62 ./Drivers/STM32F4xx_HAL_Driver/Src/stm32f4xx_hal_rcc.o
 .debug_line    0x000000000000f168      0xb95 ./Drivers/STM32F4xx_HAL_Driver/Src/stm32f4xx_hal_rcc_ex.o
 .debug_line    0x000000000000fcfd     0x1e50 ./Drivers/STM32F4xx_HAL_Driver/Src/stm32f4xx_hal_spi.o
 .debug_line    0x0000000000011b4d     0x1ae9 ./Drivers/STM32F4xx_HAL_Driver/Src/stm32f4xx_ll_usb.o
 .debug_line    0x0000000000013636      0xf63 ./Middlewares/ST/STM32_USB_Host_Library/Class/CDC/Src/usbh_cdc.o
 .debug_line    0x0000000000014599     0x11df ./Middlewares/ST/STM32_USB_Host_Library/Core/Src/usbh_core.o
 .debug_line    0x0000000000015778     0x10a2 ./Middlewares/ST/STM32_USB_Host_Library/Core/Src/usbh_ctlreq.o
 .debug_line    0x000000000001681a      0xb3b ./Middlewares/ST/STM32_USB_Host_Library/Core/Src/usbh_ioreq.o
 .debug_line    0x0000000000017355      0xae5 ./Middlewares/ST/STM32_USB_Host_Library/Core/Src/usbh_pipes.o
 .debug_line    0x0000000000017e3a      0xacf ./USB_HOST/App/usb_host.o
 .debug_line    0x0000000000018909      0xda7 ./USB_HOST/Target/usbh_conf.o
 .debug_line    0x00000000000196b0      0x777 ./USB_HOST/Target/usbh_platform.o

.debug_str      0x0000000000000000    0x8e8a0
 .debug_str     0x0000000000000000    0x8359f ./Core/Src/gpio.o
                                      0x8383e (size before relaxing)
 .debug_str     0x000000000008359f      0x540 ./Core/Src/i2c.o
                                      0x83d72 (size before relaxing)
 .debug_str     0x0000000000083adf      0x20f ./Core/Src/i2s.o
                                      0x83ccd (size before relaxing)
 .debug_str     0x0000000000083cee      0x2ec ./Core/Src/main.o
                                      0x83b69 (size before relaxing)
 .debug_str     0x0000000000083fda      0x192 ./Core/Src/spi.o
                                      0x83cca (size before relaxing)
 .debug_str     0x000000000008416c       0x49 ./Core/Src/stm32f4xx_hal_msp.o
                                      0x83790 (size before relaxing)
 .debug_str     0x00000000000841b5      0x45c ./Core/Src/stm32f4xx_it.o
                                      0x83b51 (size before relaxing)
 .debug_str     0x0000000000084611     0x1e75 ./Core/Src/sysmem.o